[2026-05-19 16:19:14] production.ERROR: The C:\xampp_new\htdocs\biztrack\bootstrap\cache directory must be present and writable. {"exception":"[object] (Exception(code: 0): The C:\\xampp_new\\htdocs\\biztrack\\bootstrap\\cache directory must be present and writable. at C:/xampp_new/htdocs/biztrack/vendor/laravel/framework/src/Illuminate/Foundation/PackageManifest.php:179)
[stacktrace]
#0 C:/xampp_new/htdocs/biztrack/vendor/laravel/framework/src/Illuminate/Foundation/PackageManifest.php(132): Illuminate/Foundation/PackageManifest->write()
#1 C:/xampp_new/htdocs/biztrack/vendor/laravel/framework/src/Illuminate/Foundation/PackageManifest.php(108): Illuminate/Foundation/PackageManifest->build()
#2 C:/xampp_new/htdocs/biztrack/vendor/laravel/framework/src/Illuminate/Foundation/PackageManifest.php(91): Illuminate/Foundation/PackageManifest->getManifest()
#3 C:/xampp_new/htdocs/biztrack/vendor/laravel/framework/src/Illuminate/Foundation/PackageManifest.php(80): Illuminate/Foundation/PackageManifest->config()
#4 C:/xampp_new/htdocs/biztrack/vendor/laravel/framework/src/Illuminate/Foundation/Bootstrap/RegisterFacades.php(26): Illuminate/Foundation/PackageManifest->aliases()
#5 C:/xampp_new/htdocs/biztrack/vendor/laravel/framework/src/Illuminate/Foundation/Application.php(342): Illuminate/Foundation/Bootstrap/RegisterFacades->bootstrap()
#6 C:/xampp_new/htdocs/biztrack/vendor/laravel/framework/src/Illuminate/Foundation/Console/Kernel.php(474): Illuminate/Foundation/Application->bootstrapWith()
#7 C:/xampp_new/htdocs/biztrack/vendor/laravel/framework/src/Illuminate/Foundation/Console/Kernel.php(196): Illuminate/Foundation/Console/Kernel->bootstrap()
#8 C:/xampp_new/htdocs/biztrack/vendor/laravel/framework/src/Illuminate/Foundation/Application.php(1235): Illuminate/Foundation/Console/Kernel->handle()
#9 C:/xampp_new/htdocs/biztrack/artisan(13): Illuminate/Foundation/Application->handleCommand()
#10 {main}
"} 
[2026-05-19 16:42:34] production.ERROR: The C:\xampp_new\htdocs\biztrack\bootstrap\cache directory must be present and writable. {"exception":"[object] (Exception(code: 0): The C:\\xampp_new\\htdocs\\biztrack\\bootstrap\\cache directory must be present and writable. at C:/xampp_new/htdocs/biztrack/vendor/laravel/framework/src/Illuminate/Foundation/PackageManifest.php:179)
[stacktrace]
#0 C:/xampp_new/htdocs/biztrack/vendor/laravel/framework/src/Illuminate/Foundation/PackageManifest.php(132): Illuminate/Foundation/PackageManifest->write()
#1 C:/xampp_new/htdocs/biztrack/vendor/laravel/framework/src/Illuminate/Foundation/PackageManifest.php(108): Illuminate/Foundation/PackageManifest->build()
#2 C:/xampp_new/htdocs/biztrack/vendor/laravel/framework/src/Illuminate/Foundation/PackageManifest.php(91): Illuminate/Foundation/PackageManifest->getManifest()
#3 C:/xampp_new/htdocs/biztrack/vendor/laravel/framework/src/Illuminate/Foundation/PackageManifest.php(80): Illuminate/Foundation/PackageManifest->config()
#4 C:/xampp_new/htdocs/biztrack/vendor/laravel/framework/src/Illuminate/Foundation/Bootstrap/RegisterFacades.php(26): Illuminate/Foundation/PackageManifest->aliases()
#5 C:/xampp_new/htdocs/biztrack/vendor/laravel/framework/src/Illuminate/Foundation/Application.php(342): Illuminate/Foundation/Bootstrap/RegisterFacades->bootstrap()
#6 C:/xampp_new/htdocs/biztrack/vendor/laravel/framework/src/Illuminate/Foundation/Console/Kernel.php(474): Illuminate/Foundation/Application->bootstrapWith()
#7 C:/xampp_new/htdocs/biztrack/vendor/laravel/framework/src/Illuminate/Foundation/Console/Kernel.php(196): Illuminate/Foundation/Console/Kernel->bootstrap()
#8 C:/xampp_new/htdocs/biztrack/vendor/laravel/framework/src/Illuminate/Foundation/Application.php(1235): Illuminate/Foundation/Console/Kernel->handle()
#9 C:/xampp_new/htdocs/biztrack/artisan(13): Illuminate/Foundation/Application->handleCommand()
#10 {main}
"} 
[2026-05-19 16:43:26] production.ERROR: The C:\xampp_new\htdocs\biztrack\bootstrap\cache directory must be present and writable. {"exception":"[object] (Exception(code: 0): The C:\\xampp_new\\htdocs\\biztrack\\bootstrap\\cache directory must be present and writable. at C:/xampp_new/htdocs/biztrack/vendor/laravel/framework/src/Illuminate/Foundation/PackageManifest.php:179)
[stacktrace]
#0 C:/xampp_new/htdocs/biztrack/vendor/laravel/framework/src/Illuminate/Foundation/PackageManifest.php(132): Illuminate/Foundation/PackageManifest->write()
#1 C:/xampp_new/htdocs/biztrack/vendor/laravel/framework/src/Illuminate/Foundation/PackageManifest.php(108): Illuminate/Foundation/PackageManifest->build()
#2 C:/xampp_new/htdocs/biztrack/vendor/laravel/framework/src/Illuminate/Foundation/PackageManifest.php(91): Illuminate/Foundation/PackageManifest->getManifest()
#3 C:/xampp_new/htdocs/biztrack/vendor/laravel/framework/src/Illuminate/Foundation/PackageManifest.php(80): Illuminate/Foundation/PackageManifest->config()
#4 C:/xampp_new/htdocs/biztrack/vendor/laravel/framework/src/Illuminate/Foundation/Bootstrap/RegisterFacades.php(26): Illuminate/Foundation/PackageManifest->aliases()
#5 C:/xampp_new/htdocs/biztrack/vendor/laravel/framework/src/Illuminate/Foundation/Application.php(342): Illuminate/Foundation/Bootstrap/RegisterFacades->bootstrap()
#6 C:/xampp_new/htdocs/biztrack/vendor/laravel/framework/src/Illuminate/Foundation/Console/Kernel.php(474): Illuminate/Foundation/Application->bootstrapWith()
#7 C:/xampp_new/htdocs/biztrack/vendor/laravel/framework/src/Illuminate/Foundation/Console/Kernel.php(196): Illuminate/Foundation/Console/Kernel->bootstrap()
#8 C:/xampp_new/htdocs/biztrack/vendor/laravel/framework/src/Illuminate/Foundation/Application.php(1235): Illuminate/Foundation/Console/Kernel->handle()
#9 C:/xampp_new/htdocs/biztrack/artisan(13): Illuminate/Foundation/Application->handleCommand()
#10 {main}
"} 
[2026-05-19 16:44:16] production.ERROR: The C:\xampp_new\htdocs\biztrack\bootstrap\cache directory must be present and writable. {"exception":"[object] (Exception(code: 0): The C:\\xampp_new\\htdocs\\biztrack\\bootstrap\\cache directory must be present and writable. at C:/xampp_new/htdocs/biztrack/vendor/laravel/framework/src/Illuminate/Foundation/PackageManifest.php:179)
[stacktrace]
#0 C:/xampp_new/htdocs/biztrack/vendor/laravel/framework/src/Illuminate/Foundation/PackageManifest.php(132): Illuminate/Foundation/PackageManifest->write()
#1 C:/xampp_new/htdocs/biztrack/vendor/laravel/framework/src/Illuminate/Foundation/PackageManifest.php(108): Illuminate/Foundation/PackageManifest->build()
#2 C:/xampp_new/htdocs/biztrack/vendor/laravel/framework/src/Illuminate/Foundation/PackageManifest.php(91): Illuminate/Foundation/PackageManifest->getManifest()
#3 C:/xampp_new/htdocs/biztrack/vendor/laravel/framework/src/Illuminate/Foundation/PackageManifest.php(80): Illuminate/Foundation/PackageManifest->config()
#4 C:/xampp_new/htdocs/biztrack/vendor/laravel/framework/src/Illuminate/Foundation/Bootstrap/RegisterFacades.php(26): Illuminate/Foundation/PackageManifest->aliases()
#5 C:/xampp_new/htdocs/biztrack/vendor/laravel/framework/src/Illuminate/Foundation/Application.php(342): Illuminate/Foundation/Bootstrap/RegisterFacades->bootstrap()
#6 C:/xampp_new/htdocs/biztrack/vendor/laravel/framework/src/Illuminate/Foundation/Console/Kernel.php(474): Illuminate/Foundation/Application->bootstrapWith()
#7 C:/xampp_new/htdocs/biztrack/vendor/laravel/framework/src/Illuminate/Foundation/Console/Kernel.php(196): Illuminate/Foundation/Console/Kernel->bootstrap()
#8 C:/xampp_new/htdocs/biztrack/vendor/laravel/framework/src/Illuminate/Foundation/Application.php(1235): Illuminate/Foundation/Console/Kernel->handle()
#9 C:/xampp_new/htdocs/biztrack/artisan(13): Illuminate/Foundation/Application->handleCommand()
#10 {main}
"} 
[2026-05-19 16:44:38] production.ERROR: The C:\xampp_new\htdocs\biztrack\bootstrap\cache directory must be present and writable. {"exception":"[object] (Exception(code: 0): The C:\\xampp_new\\htdocs\\biztrack\\bootstrap\\cache directory must be present and writable. at C:/xampp_new/htdocs/biztrack/vendor/laravel/framework/src/Illuminate/Foundation/PackageManifest.php:179)
[stacktrace]
#0 C:/xampp_new/htdocs/biztrack/vendor/laravel/framework/src/Illuminate/Foundation/PackageManifest.php(132): Illuminate/Foundation/PackageManifest->write()
#1 C:/xampp_new/htdocs/biztrack/vendor/laravel/framework/src/Illuminate/Foundation/PackageManifest.php(108): Illuminate/Foundation/PackageManifest->build()
#2 C:/xampp_new/htdocs/biztrack/vendor/laravel/framework/src/Illuminate/Foundation/PackageManifest.php(91): Illuminate/Foundation/PackageManifest->getManifest()
#3 C:/xampp_new/htdocs/biztrack/vendor/laravel/framework/src/Illuminate/Foundation/PackageManifest.php(80): Illuminate/Foundation/PackageManifest->config()
#4 C:/xampp_new/htdocs/biztrack/vendor/laravel/framework/src/Illuminate/Foundation/Bootstrap/RegisterFacades.php(26): Illuminate/Foundation/PackageManifest->aliases()
#5 C:/xampp_new/htdocs/biztrack/vendor/laravel/framework/src/Illuminate/Foundation/Application.php(342): Illuminate/Foundation/Bootstrap/RegisterFacades->bootstrap()
#6 C:/xampp_new/htdocs/biztrack/vendor/laravel/framework/src/Illuminate/Foundation/Console/Kernel.php(474): Illuminate/Foundation/Application->bootstrapWith()
#7 C:/xampp_new/htdocs/biztrack/vendor/laravel/framework/src/Illuminate/Foundation/Console/Kernel.php(196): Illuminate/Foundation/Console/Kernel->bootstrap()
#8 C:/xampp_new/htdocs/biztrack/vendor/laravel/framework/src/Illuminate/Foundation/Application.php(1235): Illuminate/Foundation/Console/Kernel->handle()
#9 C:/xampp_new/htdocs/biztrack/artisan(13): Illuminate/Foundation/Application->handleCommand()
#10 {main}
"} 
[2026-05-19 16:51:37] local.ERROR: SQLSTATE[HY000]: General error: 1005 Can't create table `biztrack_umkm`.`journal_entries` (errno: 150 "Foreign key constraint is incorrectly formed") (Connection: mysql, SQL: alter table `journal_entries` add constraint `journal_entries_expense_id_foreign` foreign key (`expense_id`) references `expenses` (`id`) on delete set null) {"exception":"[object] (Illuminate\\Database\\QueryException(code: HY000): SQLSTATE[HY000]: General error: 1005 Can't create table `biztrack_umkm`.`journal_entries` (errno: 150 \"Foreign key constraint is incorrectly formed\") (Connection: mysql, SQL: alter table `journal_entries` add constraint `journal_entries_expense_id_foreign` foreign key (`expense_id`) references `expenses` (`id`) on delete set null) at C:/xampp_new/htdocs/biztrack/vendor/laravel/framework/src/Illuminate/Database/Connection.php:825)
[stacktrace]
#0 C:/xampp_new/htdocs/biztrack/vendor/laravel/framework/src/Illuminate/Database/Connection.php(779): Illuminate/Database/Connection->runQueryCallback()
#1 C:/xampp_new/htdocs/biztrack/vendor/laravel/framework/src/Illuminate/Database/Connection.php(560): Illuminate/Database/Connection->run()
#2 C:/xampp_new/htdocs/biztrack/vendor/laravel/framework/src/Illuminate/Database/Schema/Blueprint.php(118): Illuminate/Database/Connection->statement()
#3 C:/xampp_new/htdocs/biztrack/vendor/laravel/framework/src/Illuminate/Database/Schema/Builder.php(564): Illuminate/Database/Schema/Blueprint->build()
#4 C:/xampp_new/htdocs/biztrack/vendor/laravel/framework/src/Illuminate/Database/Schema/Builder.php(418): Illuminate/Database/Schema/Builder->build()
#5 C:/xampp_new/htdocs/biztrack/vendor/laravel/framework/src/Illuminate/Support/Facades/Facade.php(361): Illuminate/Database/Schema/Builder->create()
#6 C:/xampp_new/htdocs/biztrack/database/migrations/2024_01_01_000005_create_accounting_tables.php(20): Illuminate/Support/Facades/Facade::__callStatic()
#7 C:/xampp_new/htdocs/biztrack/vendor/laravel/framework/src/Illuminate/Database/Migrations/Migrator.php(507): Illuminate/Database/Migrations/Migration@anonymous->up()
#8 C:/xampp_new/htdocs/biztrack/vendor/laravel/framework/src/Illuminate/Database/Migrations/Migrator.php(432): Illuminate/Database/Migrations/Migrator->runMethod()
#9 C:/xampp_new/htdocs/biztrack/vendor/laravel/framework/src/Illuminate/Database/Migrations/Migrator.php(441): Illuminate/Database/Migrations/Migrator->{closure:Illuminate/Database/Migrations/Migrator::runMigration():428}()
#10 C:/xampp_new/htdocs/biztrack/vendor/laravel/framework/src/Illuminate/Database/Migrations/Migrator.php(244): Illuminate/Database/Migrations/Migrator->runMigration()
#11 C:/xampp_new/htdocs/biztrack/vendor/laravel/framework/src/Illuminate/Console/View/Components/Task.php(40): Illuminate/Database/Migrations/Migrator->{closure:Illuminate/Database/Migrations/Migrator::runUp():244}()
#12 C:/xampp_new/htdocs/biztrack/vendor/laravel/framework/src/Illuminate/Database/Migrations/Migrator.php(798): Illuminate/Console/View/Components/Task->render()
#13 C:/xampp_new/htdocs/biztrack/vendor/laravel/framework/src/Illuminate/Database/Migrations/Migrator.php(244): Illuminate/Database/Migrations/Migrator->write()
#14 C:/xampp_new/htdocs/biztrack/vendor/laravel/framework/src/Illuminate/Database/Migrations/Migrator.php(211): Illuminate/Database/Migrations/Migrator->runUp()
#15 C:/xampp_new/htdocs/biztrack/vendor/laravel/framework/src/Illuminate/Database/Migrations/Migrator.php(138): Illuminate/Database/Migrations/Migrator->runPending()
#16 C:/xampp_new/htdocs/biztrack/vendor/laravel/framework/src/Illuminate/Database/Console/Migrations/MigrateCommand.php(117): Illuminate/Database/Migrations/Migrator->run()
#17 C:/xampp_new/htdocs/biztrack/vendor/laravel/framework/src/Illuminate/Database/Migrations/Migrator.php(658): Illuminate/Database/Console/Migrations/MigrateCommand->{closure:Illuminate/Database/Console/Migrations/MigrateCommand::runMigrations():110}()
#18 C:/xampp_new/htdocs/biztrack/vendor/laravel/framework/src/Illuminate/Database/Console/Migrations/MigrateCommand.php(110): Illuminate/Database/Migrations/Migrator->usingConnection()
#19 C:/xampp_new/htdocs/biztrack/vendor/laravel/framework/src/Illuminate/Database/Console/Migrations/MigrateCommand.php(89): Illuminate/Database/Console/Migrations/MigrateCommand->runMigrations()
#20 C:/xampp_new/htdocs/biztrack/vendor/laravel/framework/src/Illuminate/Container/BoundMethod.php(36): Illuminate/Database/Console/Migrations/MigrateCommand->handle()
#21 C:/xampp_new/htdocs/biztrack/vendor/laravel/framework/src/Illuminate/Container/Util.php(43): Illuminate/Container/BoundMethod::{closure:Illuminate/Container/BoundMethod::call():35}()
#22 C:/xampp_new/htdocs/biztrack/vendor/laravel/framework/src/Illuminate/Container/BoundMethod.php(95): Illuminate/Container/Util::unwrapIfClosure()
#23 C:/xampp_new/htdocs/biztrack/vendor/laravel/framework/src/Illuminate/Container/BoundMethod.php(35): Illuminate/Container/BoundMethod::callBoundMethod()
#24 C:/xampp_new/htdocs/biztrack/vendor/laravel/framework/src/Illuminate/Container/Container.php(696): Illuminate/Container/BoundMethod::call()
#25 C:/xampp_new/htdocs/biztrack/vendor/laravel/framework/src/Illuminate/Console/Command.php(213): Illuminate/Container/Container->call()
#26 C:/xampp_new/htdocs/biztrack/vendor/symfony/console/Command/Command.php(341): Illuminate/Console/Command->execute()
#27 C:/xampp_new/htdocs/biztrack/vendor/laravel/framework/src/Illuminate/Console/Command.php(182): Symfony/Component/Console/Command/Command->run()
#28 C:/xampp_new/htdocs/biztrack/vendor/symfony/console/Application.php(1117): Illuminate/Console/Command->run()
#29 C:/xampp_new/htdocs/biztrack/vendor/symfony/console/Application.php(356): Symfony/Component/Console/Application->doRunCommand()
#30 C:/xampp_new/htdocs/biztrack/vendor/symfony/console/Application.php(195): Symfony/Component/Console/Application->doRun()
#31 C:/xampp_new/htdocs/biztrack/vendor/laravel/framework/src/Illuminate/Foundation/Console/Kernel.php(198): Symfony/Component/Console/Application->run()
#32 C:/xampp_new/htdocs/biztrack/vendor/laravel/framework/src/Illuminate/Foundation/Application.php(1235): Illuminate/Foundation/Console/Kernel->handle()
#33 C:/xampp_new/htdocs/biztrack/artisan(13): Illuminate/Foundation/Application->handleCommand()
#34 {main}

[previous exception] [object] (PDOException(code: HY000): SQLSTATE[HY000]: General error: 1005 Can't create table `biztrack_umkm`.`journal_entries` (errno: 150 \"Foreign key constraint is incorrectly formed\") at C:/xampp_new/htdocs/biztrack/vendor/laravel/framework/src/Illuminate/Database/Connection.php:571)
[stacktrace]
#0 C:/xampp_new/htdocs/biztrack/vendor/laravel/framework/src/Illuminate/Database/Connection.php(571): PDOStatement->execute()
#1 C:/xampp_new/htdocs/biztrack/vendor/laravel/framework/src/Illuminate/Database/Connection.php(812): Illuminate/Database/Connection->{closure:Illuminate/Database/Connection::statement():560}()
#2 C:/xampp_new/htdocs/biztrack/vendor/laravel/framework/src/Illuminate/Database/Connection.php(779): Illuminate/Database/Connection->runQueryCallback()
#3 C:/xampp_new/htdocs/biztrack/vendor/laravel/framework/src/Illuminate/Database/Connection.php(560): Illuminate/Database/Connection->run()
#4 C:/xampp_new/htdocs/biztrack/vendor/laravel/framework/src/Illuminate/Database/Schema/Blueprint.php(118): Illuminate/Database/Connection->statement()
#5 C:/xampp_new/htdocs/biztrack/vendor/laravel/framework/src/Illuminate/Database/Schema/Builder.php(564): Illuminate/Database/Schema/Blueprint->build()
#6 C:/xampp_new/htdocs/biztrack/vendor/laravel/framework/src/Illuminate/Database/Schema/Builder.php(418): Illuminate/Database/Schema/Builder->build()
#7 C:/xampp_new/htdocs/biztrack/vendor/laravel/framework/src/Illuminate/Support/Facades/Facade.php(361): Illuminate/Database/Schema/Builder->create()
#8 C:/xampp_new/htdocs/biztrack/database/migrations/2024_01_01_000005_create_accounting_tables.php(20): Illuminate/Support/Facades/Facade::__callStatic()
#9 C:/xampp_new/htdocs/biztrack/vendor/laravel/framework/src/Illuminate/Database/Migrations/Migrator.php(507): Illuminate/Database/Migrations/Migration@anonymous->up()
#10 C:/xampp_new/htdocs/biztrack/vendor/laravel/framework/src/Illuminate/Database/Migrations/Migrator.php(432): Illuminate/Database/Migrations/Migrator->runMethod()
#11 C:/xampp_new/htdocs/biztrack/vendor/laravel/framework/src/Illuminate/Database/Migrations/Migrator.php(441): Illuminate/Database/Migrations/Migrator->{closure:Illuminate/Database/Migrations/Migrator::runMigration():428}()
#12 C:/xampp_new/htdocs/biztrack/vendor/laravel/framework/src/Illuminate/Database/Migrations/Migrator.php(244): Illuminate/Database/Migrations/Migrator->runMigration()
#13 C:/xampp_new/htdocs/biztrack/vendor/laravel/framework/src/Illuminate/Console/View/Components/Task.php(40): Illuminate/Database/Migrations/Migrator->{closure:Illuminate/Database/Migrations/Migrator::runUp():244}()
#14 C:/xampp_new/htdocs/biztrack/vendor/laravel/framework/src/Illuminate/Database/Migrations/Migrator.php(798): Illuminate/Console/View/Components/Task->render()
#15 C:/xampp_new/htdocs/biztrack/vendor/laravel/framework/src/Illuminate/Database/Migrations/Migrator.php(244): Illuminate/Database/Migrations/Migrator->write()
#16 C:/xampp_new/htdocs/biztrack/vendor/laravel/framework/src/Illuminate/Database/Migrations/Migrator.php(211): Illuminate/Database/Migrations/Migrator->runUp()
#17 C:/xampp_new/htdocs/biztrack/vendor/laravel/framework/src/Illuminate/Database/Migrations/Migrator.php(138): Illuminate/Database/Migrations/Migrator->runPending()
#18 C:/xampp_new/htdocs/biztrack/vendor/laravel/framework/src/Illuminate/Database/Console/Migrations/MigrateCommand.php(117): Illuminate/Database/Migrations/Migrator->run()
#19 C:/xampp_new/htdocs/biztrack/vendor/laravel/framework/src/Illuminate/Database/Migrations/Migrator.php(658): Illuminate/Database/Console/Migrations/MigrateCommand->{closure:Illuminate/Database/Console/Migrations/MigrateCommand::runMigrations():110}()
#20 C:/xampp_new/htdocs/biztrack/vendor/laravel/framework/src/Illuminate/Database/Console/Migrations/MigrateCommand.php(110): Illuminate/Database/Migrations/Migrator->usingConnection()
#21 C:/xampp_new/htdocs/biztrack/vendor/laravel/framework/src/Illuminate/Database/Console/Migrations/MigrateCommand.php(89): Illuminate/Database/Console/Migrations/MigrateCommand->runMigrations()
#22 C:/xampp_new/htdocs/biztrack/vendor/laravel/framework/src/Illuminate/Container/BoundMethod.php(36): Illuminate/Database/Console/Migrations/MigrateCommand->handle()
#23 C:/xampp_new/htdocs/biztrack/vendor/laravel/framework/src/Illuminate/Container/Util.php(43): Illuminate/Container/BoundMethod::{closure:Illuminate/Container/BoundMethod::call():35}()
#24 C:/xampp_new/htdocs/biztrack/vendor/laravel/framework/src/Illuminate/Container/BoundMethod.php(95): Illuminate/Container/Util::unwrapIfClosure()
#25 C:/xampp_new/htdocs/biztrack/vendor/laravel/framework/src/Illuminate/Container/BoundMethod.php(35): Illuminate/Container/BoundMethod::callBoundMethod()
#26 C:/xampp_new/htdocs/biztrack/vendor/laravel/framework/src/Illuminate/Container/Container.php(696): Illuminate/Container/BoundMethod::call()
#27 C:/xampp_new/htdocs/biztrack/vendor/laravel/framework/src/Illuminate/Console/Command.php(213): Illuminate/Container/Container->call()
#28 C:/xampp_new/htdocs/biztrack/vendor/symfony/console/Command/Command.php(341): Illuminate/Console/Command->execute()
#29 C:/xampp_new/htdocs/biztrack/vendor/laravel/framework/src/Illuminate/Console/Command.php(182): Symfony/Component/Console/Command/Command->run()
#30 C:/xampp_new/htdocs/biztrack/vendor/symfony/console/Application.php(1117): Illuminate/Console/Command->run()
#31 C:/xampp_new/htdocs/biztrack/vendor/symfony/console/Application.php(356): Symfony/Component/Console/Application->doRunCommand()
#32 C:/xampp_new/htdocs/biztrack/vendor/symfony/console/Application.php(195): Symfony/Component/Console/Application->doRun()
#33 C:/xampp_new/htdocs/biztrack/vendor/laravel/framework/src/Illuminate/Foundation/Console/Kernel.php(198): Symfony/Component/Console/Application->run()
#34 C:/xampp_new/htdocs/biztrack/vendor/laravel/framework/src/Illuminate/Foundation/Application.php(1235): Illuminate/Foundation/Console/Kernel->handle()
#35 C:/xampp_new/htdocs/biztrack/artisan(13): Illuminate/Foundation/Application->handleCommand()
#36 {main}
"} 
[2026-05-19 16:52:08] local.ERROR: SQLSTATE[23000]: Integrity constraint violation: 1451 Cannot delete or update a parent row: a foreign key constraint fails (Connection: mysql, SQL: drop table if exists `sales`) {"exception":"[object] (Illuminate\\Database\\QueryException(code: 23000): SQLSTATE[23000]: Integrity constraint violation: 1451 Cannot delete or update a parent row: a foreign key constraint fails (Connection: mysql, SQL: drop table if exists `sales`) at C:/xampp_new/htdocs/biztrack/vendor/laravel/framework/src/Illuminate/Database/Connection.php:825)
[stacktrace]
#0 C:/xampp_new/htdocs/biztrack/vendor/laravel/framework/src/Illuminate/Database/Connection.php(779): Illuminate/Database/Connection->runQueryCallback()
#1 C:/xampp_new/htdocs/biztrack/vendor/laravel/framework/src/Illuminate/Database/Connection.php(560): Illuminate/Database/Connection->run()
#2 C:/xampp_new/htdocs/biztrack/vendor/laravel/framework/src/Illuminate/Database/Schema/Blueprint.php(118): Illuminate/Database/Connection->statement()
#3 C:/xampp_new/htdocs/biztrack/vendor/laravel/framework/src/Illuminate/Database/Schema/Builder.php(564): Illuminate/Database/Schema/Blueprint->build()
#4 C:/xampp_new/htdocs/biztrack/vendor/laravel/framework/src/Illuminate/Database/Schema/Builder.php(446): Illuminate/Database/Schema/Builder->build()
#5 C:/xampp_new/htdocs/biztrack/vendor/laravel/framework/src/Illuminate/Support/Facades/Facade.php(361): Illuminate/Database/Schema/Builder->dropIfExists()
#6 C:/xampp_new/htdocs/biztrack/database/migrations/2024_01_01_000003_create_sales_tables.php(38): Illuminate/Support/Facades/Facade::__callStatic()
#7 C:/xampp_new/htdocs/biztrack/vendor/laravel/framework/src/Illuminate/Database/Migrations/Migrator.php(507): Illuminate/Database/Migrations/Migration@anonymous->down()
#8 C:/xampp_new/htdocs/biztrack/vendor/laravel/framework/src/Illuminate/Database/Migrations/Migrator.php(432): Illuminate/Database/Migrations/Migrator->runMethod()
#9 C:/xampp_new/htdocs/biztrack/vendor/laravel/framework/src/Illuminate/Database/Migrations/Migrator.php(441): Illuminate/Database/Migrations/Migrator->{closure:Illuminate/Database/Migrations/Migrator::runMigration():428}()
#10 C:/xampp_new/htdocs/biztrack/vendor/laravel/framework/src/Illuminate/Database/Migrations/Migrator.php(407): Illuminate/Database/Migrations/Migrator->runMigration()
#11 C:/xampp_new/htdocs/biztrack/vendor/laravel/framework/src/Illuminate/Console/View/Components/Task.php(40): Illuminate/Database/Migrations/Migrator->{closure:Illuminate/Database/Migrations/Migrator::runDown():407}()
#12 C:/xampp_new/htdocs/biztrack/vendor/laravel/framework/src/Illuminate/Database/Migrations/Migrator.php(798): Illuminate/Console/View/Components/Task->render()
#13 C:/xampp_new/htdocs/biztrack/vendor/laravel/framework/src/Illuminate/Database/Migrations/Migrator.php(407): Illuminate/Database/Migrations/Migrator->write()
#14 C:/xampp_new/htdocs/biztrack/vendor/laravel/framework/src/Illuminate/Database/Migrations/Migrator.php(330): Illuminate/Database/Migrations/Migrator->runDown()
#15 C:/xampp_new/htdocs/biztrack/vendor/laravel/framework/src/Illuminate/Database/Migrations/Migrator.php(274): Illuminate/Database/Migrations/Migrator->rollbackMigrations()
#16 C:/xampp_new/htdocs/biztrack/vendor/laravel/framework/src/Illuminate/Database/Console/Migrations/RollbackCommand.php(64): Illuminate/Database/Migrations/Migrator->rollback()
#17 C:/xampp_new/htdocs/biztrack/vendor/laravel/framework/src/Illuminate/Database/Migrations/Migrator.php(658): Illuminate/Database/Console/Migrations/RollbackCommand->{closure:Illuminate/Database/Console/Migrations/RollbackCommand::handle():63}()
#18 C:/xampp_new/htdocs/biztrack/vendor/laravel/framework/src/Illuminate/Database/Console/Migrations/RollbackCommand.php(63): Illuminate/Database/Migrations/Migrator->usingConnection()
#19 C:/xampp_new/htdocs/biztrack/vendor/laravel/framework/src/Illuminate/Container/BoundMethod.php(36): Illuminate/Database/Console/Migrations/RollbackCommand->handle()
#20 C:/xampp_new/htdocs/biztrack/vendor/laravel/framework/src/Illuminate/Container/Util.php(43): Illuminate/Container/BoundMethod::{closure:Illuminate/Container/BoundMethod::call():35}()
#21 C:/xampp_new/htdocs/biztrack/vendor/laravel/framework/src/Illuminate/Container/BoundMethod.php(95): Illuminate/Container/Util::unwrapIfClosure()
#22 C:/xampp_new/htdocs/biztrack/vendor/laravel/framework/src/Illuminate/Container/BoundMethod.php(35): Illuminate/Container/BoundMethod::callBoundMethod()
#23 C:/xampp_new/htdocs/biztrack/vendor/laravel/framework/src/Illuminate/Container/Container.php(696): Illuminate/Container/BoundMethod::call()
#24 C:/xampp_new/htdocs/biztrack/vendor/laravel/framework/src/Illuminate/Console/Command.php(213): Illuminate/Container/Container->call()
#25 C:/xampp_new/htdocs/biztrack/vendor/symfony/console/Command/Command.php(341): Illuminate/Console/Command->execute()
#26 C:/xampp_new/htdocs/biztrack/vendor/laravel/framework/src/Illuminate/Console/Command.php(182): Symfony/Component/Console/Command/Command->run()
#27 C:/xampp_new/htdocs/biztrack/vendor/symfony/console/Application.php(1117): Illuminate/Console/Command->run()
#28 C:/xampp_new/htdocs/biztrack/vendor/symfony/console/Application.php(356): Symfony/Component/Console/Application->doRunCommand()
#29 C:/xampp_new/htdocs/biztrack/vendor/symfony/console/Application.php(195): Symfony/Component/Console/Application->doRun()
#30 C:/xampp_new/htdocs/biztrack/vendor/laravel/framework/src/Illuminate/Foundation/Console/Kernel.php(198): Symfony/Component/Console/Application->run()
#31 C:/xampp_new/htdocs/biztrack/vendor/laravel/framework/src/Illuminate/Foundation/Application.php(1235): Illuminate/Foundation/Console/Kernel->handle()
#32 C:/xampp_new/htdocs/biztrack/artisan(13): Illuminate/Foundation/Application->handleCommand()
#33 {main}

[previous exception] [object] (PDOException(code: 23000): SQLSTATE[23000]: Integrity constraint violation: 1451 Cannot delete or update a parent row: a foreign key constraint fails at C:/xampp_new/htdocs/biztrack/vendor/laravel/framework/src/Illuminate/Database/Connection.php:571)
[stacktrace]
#0 C:/xampp_new/htdocs/biztrack/vendor/laravel/framework/src/Illuminate/Database/Connection.php(571): PDOStatement->execute()
#1 C:/xampp_new/htdocs/biztrack/vendor/laravel/framework/src/Illuminate/Database/Connection.php(812): Illuminate/Database/Connection->{closure:Illuminate/Database/Connection::statement():560}()
#2 C:/xampp_new/htdocs/biztrack/vendor/laravel/framework/src/Illuminate/Database/Connection.php(779): Illuminate/Database/Connection->runQueryCallback()
#3 C:/xampp_new/htdocs/biztrack/vendor/laravel/framework/src/Illuminate/Database/Connection.php(560): Illuminate/Database/Connection->run()
#4 C:/xampp_new/htdocs/biztrack/vendor/laravel/framework/src/Illuminate/Database/Schema/Blueprint.php(118): Illuminate/Database/Connection->statement()
#5 C:/xampp_new/htdocs/biztrack/vendor/laravel/framework/src/Illuminate/Database/Schema/Builder.php(564): Illuminate/Database/Schema/Blueprint->build()
#6 C:/xampp_new/htdocs/biztrack/vendor/laravel/framework/src/Illuminate/Database/Schema/Builder.php(446): Illuminate/Database/Schema/Builder->build()
#7 C:/xampp_new/htdocs/biztrack/vendor/laravel/framework/src/Illuminate/Support/Facades/Facade.php(361): Illuminate/Database/Schema/Builder->dropIfExists()
#8 C:/xampp_new/htdocs/biztrack/database/migrations/2024_01_01_000003_create_sales_tables.php(38): Illuminate/Support/Facades/Facade::__callStatic()
#9 C:/xampp_new/htdocs/biztrack/vendor/laravel/framework/src/Illuminate/Database/Migrations/Migrator.php(507): Illuminate/Database/Migrations/Migration@anonymous->down()
#10 C:/xampp_new/htdocs/biztrack/vendor/laravel/framework/src/Illuminate/Database/Migrations/Migrator.php(432): Illuminate/Database/Migrations/Migrator->runMethod()
#11 C:/xampp_new/htdocs/biztrack/vendor/laravel/framework/src/Illuminate/Database/Migrations/Migrator.php(441): Illuminate/Database/Migrations/Migrator->{closure:Illuminate/Database/Migrations/Migrator::runMigration():428}()
#12 C:/xampp_new/htdocs/biztrack/vendor/laravel/framework/src/Illuminate/Database/Migrations/Migrator.php(407): Illuminate/Database/Migrations/Migrator->runMigration()
#13 C:/xampp_new/htdocs/biztrack/vendor/laravel/framework/src/Illuminate/Console/View/Components/Task.php(40): Illuminate/Database/Migrations/Migrator->{closure:Illuminate/Database/Migrations/Migrator::runDown():407}()
#14 C:/xampp_new/htdocs/biztrack/vendor/laravel/framework/src/Illuminate/Database/Migrations/Migrator.php(798): Illuminate/Console/View/Components/Task->render()
#15 C:/xampp_new/htdocs/biztrack/vendor/laravel/framework/src/Illuminate/Database/Migrations/Migrator.php(407): Illuminate/Database/Migrations/Migrator->write()
#16 C:/xampp_new/htdocs/biztrack/vendor/laravel/framework/src/Illuminate/Database/Migrations/Migrator.php(330): Illuminate/Database/Migrations/Migrator->runDown()
#17 C:/xampp_new/htdocs/biztrack/vendor/laravel/framework/src/Illuminate/Database/Migrations/Migrator.php(274): Illuminate/Database/Migrations/Migrator->rollbackMigrations()
#18 C:/xampp_new/htdocs/biztrack/vendor/laravel/framework/src/Illuminate/Database/Console/Migrations/RollbackCommand.php(64): Illuminate/Database/Migrations/Migrator->rollback()
#19 C:/xampp_new/htdocs/biztrack/vendor/laravel/framework/src/Illuminate/Database/Migrations/Migrator.php(658): Illuminate/Database/Console/Migrations/RollbackCommand->{closure:Illuminate/Database/Console/Migrations/RollbackCommand::handle():63}()
#20 C:/xampp_new/htdocs/biztrack/vendor/laravel/framework/src/Illuminate/Database/Console/Migrations/RollbackCommand.php(63): Illuminate/Database/Migrations/Migrator->usingConnection()
#21 C:/xampp_new/htdocs/biztrack/vendor/laravel/framework/src/Illuminate/Container/BoundMethod.php(36): Illuminate/Database/Console/Migrations/RollbackCommand->handle()
#22 C:/xampp_new/htdocs/biztrack/vendor/laravel/framework/src/Illuminate/Container/Util.php(43): Illuminate/Container/BoundMethod::{closure:Illuminate/Container/BoundMethod::call():35}()
#23 C:/xampp_new/htdocs/biztrack/vendor/laravel/framework/src/Illuminate/Container/BoundMethod.php(95): Illuminate/Container/Util::unwrapIfClosure()
#24 C:/xampp_new/htdocs/biztrack/vendor/laravel/framework/src/Illuminate/Container/BoundMethod.php(35): Illuminate/Container/BoundMethod::callBoundMethod()
#25 C:/xampp_new/htdocs/biztrack/vendor/laravel/framework/src/Illuminate/Container/Container.php(696): Illuminate/Container/BoundMethod::call()
#26 C:/xampp_new/htdocs/biztrack/vendor/laravel/framework/src/Illuminate/Console/Command.php(213): Illuminate/Container/Container->call()
#27 C:/xampp_new/htdocs/biztrack/vendor/symfony/console/Command/Command.php(341): Illuminate/Console/Command->execute()
#28 C:/xampp_new/htdocs/biztrack/vendor/laravel/framework/src/Illuminate/Console/Command.php(182): Symfony/Component/Console/Command/Command->run()
#29 C:/xampp_new/htdocs/biztrack/vendor/symfony/console/Application.php(1117): Illuminate/Console/Command->run()
#30 C:/xampp_new/htdocs/biztrack/vendor/symfony/console/Application.php(356): Symfony/Component/Console/Application->doRunCommand()
#31 C:/xampp_new/htdocs/biztrack/vendor/symfony/console/Application.php(195): Symfony/Component/Console/Application->doRun()
#32 C:/xampp_new/htdocs/biztrack/vendor/laravel/framework/src/Illuminate/Foundation/Console/Kernel.php(198): Symfony/Component/Console/Application->run()
#33 C:/xampp_new/htdocs/biztrack/vendor/laravel/framework/src/Illuminate/Foundation/Application.php(1235): Illuminate/Foundation/Console/Kernel->handle()
#34 C:/xampp_new/htdocs/biztrack/artisan(13): Illuminate/Foundation/Application->handleCommand()
#35 {main}
"} 
[2026-05-19 16:52:15] local.ERROR: SQLSTATE[42S01]: Base table or view already exists: 1050 Table 'accounts' already exists (Connection: mysql, SQL: create table `accounts` (`id` bigint unsigned not null auto_increment primary key, `code` varchar(20) not null, `name` varchar(255) not null, `type` enum('asset', 'liability', 'equity', 'revenue', 'expense') not null, `description` text null, `created_at` timestamp null, `updated_at` timestamp null) default character set utf8mb4 collate 'utf8mb4_unicode_ci') {"exception":"[object] (Illuminate\\Database\\QueryException(code: 42S01): SQLSTATE[42S01]: Base table or view already exists: 1050 Table 'accounts' already exists (Connection: mysql, SQL: create table `accounts` (`id` bigint unsigned not null auto_increment primary key, `code` varchar(20) not null, `name` varchar(255) not null, `type` enum('asset', 'liability', 'equity', 'revenue', 'expense') not null, `description` text null, `created_at` timestamp null, `updated_at` timestamp null) default character set utf8mb4 collate 'utf8mb4_unicode_ci') at C:/xampp_new/htdocs/biztrack/vendor/laravel/framework/src/Illuminate/Database/Connection.php:825)
[stacktrace]
#0 C:/xampp_new/htdocs/biztrack/vendor/laravel/framework/src/Illuminate/Database/Connection.php(779): Illuminate/Database/Connection->runQueryCallback()
#1 C:/xampp_new/htdocs/biztrack/vendor/laravel/framework/src/Illuminate/Database/Connection.php(560): Illuminate/Database/Connection->run()
#2 C:/xampp_new/htdocs/biztrack/vendor/laravel/framework/src/Illuminate/Database/Schema/Blueprint.php(118): Illuminate/Database/Connection->statement()
#3 C:/xampp_new/htdocs/biztrack/vendor/laravel/framework/src/Illuminate/Database/Schema/Builder.php(564): Illuminate/Database/Schema/Blueprint->build()
#4 C:/xampp_new/htdocs/biztrack/vendor/laravel/framework/src/Illuminate/Database/Schema/Builder.php(418): Illuminate/Database/Schema/Builder->build()
#5 C:/xampp_new/htdocs/biztrack/vendor/laravel/framework/src/Illuminate/Support/Facades/Facade.php(361): Illuminate/Database/Schema/Builder->create()
#6 C:/xampp_new/htdocs/biztrack/database/migrations/2024_01_01_000005_create_accounting_tables.php(11): Illuminate/Support/Facades/Facade::__callStatic()
#7 C:/xampp_new/htdocs/biztrack/vendor/laravel/framework/src/Illuminate/Database/Migrations/Migrator.php(507): Illuminate/Database/Migrations/Migration@anonymous->up()
#8 C:/xampp_new/htdocs/biztrack/vendor/laravel/framework/src/Illuminate/Database/Migrations/Migrator.php(432): Illuminate/Database/Migrations/Migrator->runMethod()
#9 C:/xampp_new/htdocs/biztrack/vendor/laravel/framework/src/Illuminate/Database/Migrations/Migrator.php(441): Illuminate/Database/Migrations/Migrator->{closure:Illuminate/Database/Migrations/Migrator::runMigration():428}()
#10 C:/xampp_new/htdocs/biztrack/vendor/laravel/framework/src/Illuminate/Database/Migrations/Migrator.php(244): Illuminate/Database/Migrations/Migrator->runMigration()
#11 C:/xampp_new/htdocs/biztrack/vendor/laravel/framework/src/Illuminate/Console/View/Components/Task.php(40): Illuminate/Database/Migrations/Migrator->{closure:Illuminate/Database/Migrations/Migrator::runUp():244}()
#12 C:/xampp_new/htdocs/biztrack/vendor/laravel/framework/src/Illuminate/Database/Migrations/Migrator.php(798): Illuminate/Console/View/Components/Task->render()
#13 C:/xampp_new/htdocs/biztrack/vendor/laravel/framework/src/Illuminate/Database/Migrations/Migrator.php(244): Illuminate/Database/Migrations/Migrator->write()
#14 C:/xampp_new/htdocs/biztrack/vendor/laravel/framework/src/Illuminate/Database/Migrations/Migrator.php(211): Illuminate/Database/Migrations/Migrator->runUp()
#15 C:/xampp_new/htdocs/biztrack/vendor/laravel/framework/src/Illuminate/Database/Migrations/Migrator.php(138): Illuminate/Database/Migrations/Migrator->runPending()
#16 C:/xampp_new/htdocs/biztrack/vendor/laravel/framework/src/Illuminate/Database/Console/Migrations/MigrateCommand.php(117): Illuminate/Database/Migrations/Migrator->run()
#17 C:/xampp_new/htdocs/biztrack/vendor/laravel/framework/src/Illuminate/Database/Migrations/Migrator.php(658): Illuminate/Database/Console/Migrations/MigrateCommand->{closure:Illuminate/Database/Console/Migrations/MigrateCommand::runMigrations():110}()
#18 C:/xampp_new/htdocs/biztrack/vendor/laravel/framework/src/Illuminate/Database/Console/Migrations/MigrateCommand.php(110): Illuminate/Database/Migrations/Migrator->usingConnection()
#19 C:/xampp_new/htdocs/biztrack/vendor/laravel/framework/src/Illuminate/Database/Console/Migrations/MigrateCommand.php(89): Illuminate/Database/Console/Migrations/MigrateCommand->runMigrations()
#20 C:/xampp_new/htdocs/biztrack/vendor/laravel/framework/src/Illuminate/Container/BoundMethod.php(36): Illuminate/Database/Console/Migrations/MigrateCommand->handle()
#21 C:/xampp_new/htdocs/biztrack/vendor/laravel/framework/src/Illuminate/Container/Util.php(43): Illuminate/Container/BoundMethod::{closure:Illuminate/Container/BoundMethod::call():35}()
#22 C:/xampp_new/htdocs/biztrack/vendor/laravel/framework/src/Illuminate/Container/BoundMethod.php(95): Illuminate/Container/Util::unwrapIfClosure()
#23 C:/xampp_new/htdocs/biztrack/vendor/laravel/framework/src/Illuminate/Container/BoundMethod.php(35): Illuminate/Container/BoundMethod::callBoundMethod()
#24 C:/xampp_new/htdocs/biztrack/vendor/laravel/framework/src/Illuminate/Container/Container.php(696): Illuminate/Container/BoundMethod::call()
#25 C:/xampp_new/htdocs/biztrack/vendor/laravel/framework/src/Illuminate/Console/Command.php(213): Illuminate/Container/Container->call()
#26 C:/xampp_new/htdocs/biztrack/vendor/symfony/console/Command/Command.php(341): Illuminate/Console/Command->execute()
#27 C:/xampp_new/htdocs/biztrack/vendor/laravel/framework/src/Illuminate/Console/Command.php(182): Symfony/Component/Console/Command/Command->run()
#28 C:/xampp_new/htdocs/biztrack/vendor/symfony/console/Application.php(1117): Illuminate/Console/Command->run()
#29 C:/xampp_new/htdocs/biztrack/vendor/symfony/console/Application.php(356): Symfony/Component/Console/Application->doRunCommand()
#30 C:/xampp_new/htdocs/biztrack/vendor/symfony/console/Application.php(195): Symfony/Component/Console/Application->doRun()
#31 C:/xampp_new/htdocs/biztrack/vendor/laravel/framework/src/Illuminate/Foundation/Console/Kernel.php(198): Symfony/Component/Console/Application->run()
#32 C:/xampp_new/htdocs/biztrack/vendor/laravel/framework/src/Illuminate/Foundation/Application.php(1235): Illuminate/Foundation/Console/Kernel->handle()
#33 C:/xampp_new/htdocs/biztrack/artisan(13): Illuminate/Foundation/Application->handleCommand()
#34 {main}

[previous exception] [object] (PDOException(code: 42S01): SQLSTATE[42S01]: Base table or view already exists: 1050 Table 'accounts' already exists at C:/xampp_new/htdocs/biztrack/vendor/laravel/framework/src/Illuminate/Database/Connection.php:571)
[stacktrace]
#0 C:/xampp_new/htdocs/biztrack/vendor/laravel/framework/src/Illuminate/Database/Connection.php(571): PDOStatement->execute()
#1 C:/xampp_new/htdocs/biztrack/vendor/laravel/framework/src/Illuminate/Database/Connection.php(812): Illuminate/Database/Connection->{closure:Illuminate/Database/Connection::statement():560}()
#2 C:/xampp_new/htdocs/biztrack/vendor/laravel/framework/src/Illuminate/Database/Connection.php(779): Illuminate/Database/Connection->runQueryCallback()
#3 C:/xampp_new/htdocs/biztrack/vendor/laravel/framework/src/Illuminate/Database/Connection.php(560): Illuminate/Database/Connection->run()
#4 C:/xampp_new/htdocs/biztrack/vendor/laravel/framework/src/Illuminate/Database/Schema/Blueprint.php(118): Illuminate/Database/Connection->statement()
#5 C:/xampp_new/htdocs/biztrack/vendor/laravel/framework/src/Illuminate/Database/Schema/Builder.php(564): Illuminate/Database/Schema/Blueprint->build()
#6 C:/xampp_new/htdocs/biztrack/vendor/laravel/framework/src/Illuminate/Database/Schema/Builder.php(418): Illuminate/Database/Schema/Builder->build()
#7 C:/xampp_new/htdocs/biztrack/vendor/laravel/framework/src/Illuminate/Support/Facades/Facade.php(361): Illuminate/Database/Schema/Builder->create()
#8 C:/xampp_new/htdocs/biztrack/database/migrations/2024_01_01_000005_create_accounting_tables.php(11): Illuminate/Support/Facades/Facade::__callStatic()
#9 C:/xampp_new/htdocs/biztrack/vendor/laravel/framework/src/Illuminate/Database/Migrations/Migrator.php(507): Illuminate/Database/Migrations/Migration@anonymous->up()
#10 C:/xampp_new/htdocs/biztrack/vendor/laravel/framework/src/Illuminate/Database/Migrations/Migrator.php(432): Illuminate/Database/Migrations/Migrator->runMethod()
#11 C:/xampp_new/htdocs/biztrack/vendor/laravel/framework/src/Illuminate/Database/Migrations/Migrator.php(441): Illuminate/Database/Migrations/Migrator->{closure:Illuminate/Database/Migrations/Migrator::runMigration():428}()
#12 C:/xampp_new/htdocs/biztrack/vendor/laravel/framework/src/Illuminate/Database/Migrations/Migrator.php(244): Illuminate/Database/Migrations/Migrator->runMigration()
#13 C:/xampp_new/htdocs/biztrack/vendor/laravel/framework/src/Illuminate/Console/View/Components/Task.php(40): Illuminate/Database/Migrations/Migrator->{closure:Illuminate/Database/Migrations/Migrator::runUp():244}()
#14 C:/xampp_new/htdocs/biztrack/vendor/laravel/framework/src/Illuminate/Database/Migrations/Migrator.php(798): Illuminate/Console/View/Components/Task->render()
#15 C:/xampp_new/htdocs/biztrack/vendor/laravel/framework/src/Illuminate/Database/Migrations/Migrator.php(244): Illuminate/Database/Migrations/Migrator->write()
#16 C:/xampp_new/htdocs/biztrack/vendor/laravel/framework/src/Illuminate/Database/Migrations/Migrator.php(211): Illuminate/Database/Migrations/Migrator->runUp()
#17 C:/xampp_new/htdocs/biztrack/vendor/laravel/framework/src/Illuminate/Database/Migrations/Migrator.php(138): Illuminate/Database/Migrations/Migrator->runPending()
#18 C:/xampp_new/htdocs/biztrack/vendor/laravel/framework/src/Illuminate/Database/Console/Migrations/MigrateCommand.php(117): Illuminate/Database/Migrations/Migrator->run()
#19 C:/xampp_new/htdocs/biztrack/vendor/laravel/framework/src/Illuminate/Database/Migrations/Migrator.php(658): Illuminate/Database/Console/Migrations/MigrateCommand->{closure:Illuminate/Database/Console/Migrations/MigrateCommand::runMigrations():110}()
#20 C:/xampp_new/htdocs/biztrack/vendor/laravel/framework/src/Illuminate/Database/Console/Migrations/MigrateCommand.php(110): Illuminate/Database/Migrations/Migrator->usingConnection()
#21 C:/xampp_new/htdocs/biztrack/vendor/laravel/framework/src/Illuminate/Database/Console/Migrations/MigrateCommand.php(89): Illuminate/Database/Console/Migrations/MigrateCommand->runMigrations()
#22 C:/xampp_new/htdocs/biztrack/vendor/laravel/framework/src/Illuminate/Container/BoundMethod.php(36): Illuminate/Database/Console/Migrations/MigrateCommand->handle()
#23 C:/xampp_new/htdocs/biztrack/vendor/laravel/framework/src/Illuminate/Container/Util.php(43): Illuminate/Container/BoundMethod::{closure:Illuminate/Container/BoundMethod::call():35}()
#24 C:/xampp_new/htdocs/biztrack/vendor/laravel/framework/src/Illuminate/Container/BoundMethod.php(95): Illuminate/Container/Util::unwrapIfClosure()
#25 C:/xampp_new/htdocs/biztrack/vendor/laravel/framework/src/Illuminate/Container/BoundMethod.php(35): Illuminate/Container/BoundMethod::callBoundMethod()
#26 C:/xampp_new/htdocs/biztrack/vendor/laravel/framework/src/Illuminate/Container/Container.php(696): Illuminate/Container/BoundMethod::call()
#27 C:/xampp_new/htdocs/biztrack/vendor/laravel/framework/src/Illuminate/Console/Command.php(213): Illuminate/Container/Container->call()
#28 C:/xampp_new/htdocs/biztrack/vendor/symfony/console/Command/Command.php(341): Illuminate/Console/Command->execute()
#29 C:/xampp_new/htdocs/biztrack/vendor/laravel/framework/src/Illuminate/Console/Command.php(182): Symfony/Component/Console/Command/Command->run()
#30 C:/xampp_new/htdocs/biztrack/vendor/symfony/console/Application.php(1117): Illuminate/Console/Command->run()
#31 C:/xampp_new/htdocs/biztrack/vendor/symfony/console/Application.php(356): Symfony/Component/Console/Application->doRunCommand()
#32 C:/xampp_new/htdocs/biztrack/vendor/symfony/console/Application.php(195): Symfony/Component/Console/Application->doRun()
#33 C:/xampp_new/htdocs/biztrack/vendor/laravel/framework/src/Illuminate/Foundation/Console/Kernel.php(198): Symfony/Component/Console/Application->run()
#34 C:/xampp_new/htdocs/biztrack/vendor/laravel/framework/src/Illuminate/Foundation/Application.php(1235): Illuminate/Foundation/Console/Kernel->handle()
#35 C:/xampp_new/htdocs/biztrack/artisan(13): Illuminate/Foundation/Application->handleCommand()
#36 {main}
"} 
[2026-05-19 16:52:49] local.ERROR: SQLSTATE[HY000]: General error: 1005 Can't create table `biztrack_umkm`.`journal_entries` (errno: 150 "Foreign key constraint is incorrectly formed") (Connection: mysql, SQL: alter table `journal_entries` add constraint `journal_entries_expense_id_foreign` foreign key (`expense_id`) references `expenses` (`id`) on delete set null) {"exception":"[object] (Illuminate\\Database\\QueryException(code: HY000): SQLSTATE[HY000]: General error: 1005 Can't create table `biztrack_umkm`.`journal_entries` (errno: 150 \"Foreign key constraint is incorrectly formed\") (Connection: mysql, SQL: alter table `journal_entries` add constraint `journal_entries_expense_id_foreign` foreign key (`expense_id`) references `expenses` (`id`) on delete set null) at C:/xampp_new/htdocs/biztrack/vendor/laravel/framework/src/Illuminate/Database/Connection.php:825)
[stacktrace]
#0 C:/xampp_new/htdocs/biztrack/vendor/laravel/framework/src/Illuminate/Database/Connection.php(779): Illuminate/Database/Connection->runQueryCallback()
#1 C:/xampp_new/htdocs/biztrack/vendor/laravel/framework/src/Illuminate/Database/Connection.php(560): Illuminate/Database/Connection->run()
#2 C:/xampp_new/htdocs/biztrack/vendor/laravel/framework/src/Illuminate/Database/Schema/Blueprint.php(118): Illuminate/Database/Connection->statement()
#3 C:/xampp_new/htdocs/biztrack/vendor/laravel/framework/src/Illuminate/Database/Schema/Builder.php(564): Illuminate/Database/Schema/Blueprint->build()
#4 C:/xampp_new/htdocs/biztrack/vendor/laravel/framework/src/Illuminate/Database/Schema/Builder.php(418): Illuminate/Database/Schema/Builder->build()
#5 C:/xampp_new/htdocs/biztrack/vendor/laravel/framework/src/Illuminate/Support/Facades/Facade.php(361): Illuminate/Database/Schema/Builder->create()
#6 C:/xampp_new/htdocs/biztrack/database/migrations/2024_01_01_000005_create_accounting_tables.php(20): Illuminate/Support/Facades/Facade::__callStatic()
#7 C:/xampp_new/htdocs/biztrack/vendor/laravel/framework/src/Illuminate/Database/Migrations/Migrator.php(507): Illuminate/Database/Migrations/Migration@anonymous->up()
#8 C:/xampp_new/htdocs/biztrack/vendor/laravel/framework/src/Illuminate/Database/Migrations/Migrator.php(432): Illuminate/Database/Migrations/Migrator->runMethod()
#9 C:/xampp_new/htdocs/biztrack/vendor/laravel/framework/src/Illuminate/Database/Migrations/Migrator.php(441): Illuminate/Database/Migrations/Migrator->{closure:Illuminate/Database/Migrations/Migrator::runMigration():428}()
#10 C:/xampp_new/htdocs/biztrack/vendor/laravel/framework/src/Illuminate/Database/Migrations/Migrator.php(244): Illuminate/Database/Migrations/Migrator->runMigration()
#11 C:/xampp_new/htdocs/biztrack/vendor/laravel/framework/src/Illuminate/Console/View/Components/Task.php(40): Illuminate/Database/Migrations/Migrator->{closure:Illuminate/Database/Migrations/Migrator::runUp():244}()
#12 C:/xampp_new/htdocs/biztrack/vendor/laravel/framework/src/Illuminate/Database/Migrations/Migrator.php(798): Illuminate/Console/View/Components/Task->render()
#13 C:/xampp_new/htdocs/biztrack/vendor/laravel/framework/src/Illuminate/Database/Migrations/Migrator.php(244): Illuminate/Database/Migrations/Migrator->write()
#14 C:/xampp_new/htdocs/biztrack/vendor/laravel/framework/src/Illuminate/Database/Migrations/Migrator.php(211): Illuminate/Database/Migrations/Migrator->runUp()
#15 C:/xampp_new/htdocs/biztrack/vendor/laravel/framework/src/Illuminate/Database/Migrations/Migrator.php(138): Illuminate/Database/Migrations/Migrator->runPending()
#16 C:/xampp_new/htdocs/biztrack/vendor/laravel/framework/src/Illuminate/Database/Console/Migrations/MigrateCommand.php(117): Illuminate/Database/Migrations/Migrator->run()
#17 C:/xampp_new/htdocs/biztrack/vendor/laravel/framework/src/Illuminate/Database/Migrations/Migrator.php(658): Illuminate/Database/Console/Migrations/MigrateCommand->{closure:Illuminate/Database/Console/Migrations/MigrateCommand::runMigrations():110}()
#18 C:/xampp_new/htdocs/biztrack/vendor/laravel/framework/src/Illuminate/Database/Console/Migrations/MigrateCommand.php(110): Illuminate/Database/Migrations/Migrator->usingConnection()
#19 C:/xampp_new/htdocs/biztrack/vendor/laravel/framework/src/Illuminate/Database/Console/Migrations/MigrateCommand.php(89): Illuminate/Database/Console/Migrations/MigrateCommand->runMigrations()
#20 C:/xampp_new/htdocs/biztrack/vendor/laravel/framework/src/Illuminate/Container/BoundMethod.php(36): Illuminate/Database/Console/Migrations/MigrateCommand->handle()
#21 C:/xampp_new/htdocs/biztrack/vendor/laravel/framework/src/Illuminate/Container/Util.php(43): Illuminate/Container/BoundMethod::{closure:Illuminate/Container/BoundMethod::call():35}()
#22 C:/xampp_new/htdocs/biztrack/vendor/laravel/framework/src/Illuminate/Container/BoundMethod.php(95): Illuminate/Container/Util::unwrapIfClosure()
#23 C:/xampp_new/htdocs/biztrack/vendor/laravel/framework/src/Illuminate/Container/BoundMethod.php(35): Illuminate/Container/BoundMethod::callBoundMethod()
#24 C:/xampp_new/htdocs/biztrack/vendor/laravel/framework/src/Illuminate/Container/Container.php(696): Illuminate/Container/BoundMethod::call()
#25 C:/xampp_new/htdocs/biztrack/vendor/laravel/framework/src/Illuminate/Console/Command.php(213): Illuminate/Container/Container->call()
#26 C:/xampp_new/htdocs/biztrack/vendor/symfony/console/Command/Command.php(341): Illuminate/Console/Command->execute()
#27 C:/xampp_new/htdocs/biztrack/vendor/laravel/framework/src/Illuminate/Console/Command.php(182): Symfony/Component/Console/Command/Command->run()
#28 C:/xampp_new/htdocs/biztrack/vendor/laravel/framework/src/Illuminate/Console/Concerns/CallsCommands.php(68): Illuminate/Console/Command->run()
#29 C:/xampp_new/htdocs/biztrack/vendor/laravel/framework/src/Illuminate/Console/Concerns/CallsCommands.php(29): Illuminate/Console/Command->runCommand()
#30 C:/xampp_new/htdocs/biztrack/vendor/laravel/framework/src/Illuminate/Database/Console/Migrations/FreshCommand.php(82): Illuminate/Console/Command->call()
#31 C:/xampp_new/htdocs/biztrack/vendor/laravel/framework/src/Illuminate/Container/BoundMethod.php(36): Illuminate/Database/Console/Migrations/FreshCommand->handle()
#32 C:/xampp_new/htdocs/biztrack/vendor/laravel/framework/src/Illuminate/Container/Util.php(43): Illuminate/Container/BoundMethod::{closure:Illuminate/Container/BoundMethod::call():35}()
#33 C:/xampp_new/htdocs/biztrack/vendor/laravel/framework/src/Illuminate/Container/BoundMethod.php(95): Illuminate/Container/Util::unwrapIfClosure()
#34 C:/xampp_new/htdocs/biztrack/vendor/laravel/framework/src/Illuminate/Container/BoundMethod.php(35): Illuminate/Container/BoundMethod::callBoundMethod()
#35 C:/xampp_new/htdocs/biztrack/vendor/laravel/framework/src/Illuminate/Container/Container.php(696): Illuminate/Container/BoundMethod::call()
#36 C:/xampp_new/htdocs/biztrack/vendor/laravel/framework/src/Illuminate/Console/Command.php(213): Illuminate/Container/Container->call()
#37 C:/xampp_new/htdocs/biztrack/vendor/symfony/console/Command/Command.php(341): Illuminate/Console/Command->execute()
#38 C:/xampp_new/htdocs/biztrack/vendor/laravel/framework/src/Illuminate/Console/Command.php(182): Symfony/Component/Console/Command/Command->run()
#39 C:/xampp_new/htdocs/biztrack/vendor/symfony/console/Application.php(1117): Illuminate/Console/Command->run()
#40 C:/xampp_new/htdocs/biztrack/vendor/symfony/console/Application.php(356): Symfony/Component/Console/Application->doRunCommand()
#41 C:/xampp_new/htdocs/biztrack/vendor/symfony/console/Application.php(195): Symfony/Component/Console/Application->doRun()
#42 C:/xampp_new/htdocs/biztrack/vendor/laravel/framework/src/Illuminate/Foundation/Console/Kernel.php(198): Symfony/Component/Console/Application->run()
#43 C:/xampp_new/htdocs/biztrack/vendor/laravel/framework/src/Illuminate/Foundation/Application.php(1235): Illuminate/Foundation/Console/Kernel->handle()
#44 C:/xampp_new/htdocs/biztrack/artisan(13): Illuminate/Foundation/Application->handleCommand()
#45 {main}

[previous exception] [object] (PDOException(code: HY000): SQLSTATE[HY000]: General error: 1005 Can't create table `biztrack_umkm`.`journal_entries` (errno: 150 \"Foreign key constraint is incorrectly formed\") at C:/xampp_new/htdocs/biztrack/vendor/laravel/framework/src/Illuminate/Database/Connection.php:571)
[stacktrace]
#0 C:/xampp_new/htdocs/biztrack/vendor/laravel/framework/src/Illuminate/Database/Connection.php(571): PDOStatement->execute()
#1 C:/xampp_new/htdocs/biztrack/vendor/laravel/framework/src/Illuminate/Database/Connection.php(812): Illuminate/Database/Connection->{closure:Illuminate/Database/Connection::statement():560}()
#2 C:/xampp_new/htdocs/biztrack/vendor/laravel/framework/src/Illuminate/Database/Connection.php(779): Illuminate/Database/Connection->runQueryCallback()
#3 C:/xampp_new/htdocs/biztrack/vendor/laravel/framework/src/Illuminate/Database/Connection.php(560): Illuminate/Database/Connection->run()
#4 C:/xampp_new/htdocs/biztrack/vendor/laravel/framework/src/Illuminate/Database/Schema/Blueprint.php(118): Illuminate/Database/Connection->statement()
#5 C:/xampp_new/htdocs/biztrack/vendor/laravel/framework/src/Illuminate/Database/Schema/Builder.php(564): Illuminate/Database/Schema/Blueprint->build()
#6 C:/xampp_new/htdocs/biztrack/vendor/laravel/framework/src/Illuminate/Database/Schema/Builder.php(418): Illuminate/Database/Schema/Builder->build()
#7 C:/xampp_new/htdocs/biztrack/vendor/laravel/framework/src/Illuminate/Support/Facades/Facade.php(361): Illuminate/Database/Schema/Builder->create()
#8 C:/xampp_new/htdocs/biztrack/database/migrations/2024_01_01_000005_create_accounting_tables.php(20): Illuminate/Support/Facades/Facade::__callStatic()
#9 C:/xampp_new/htdocs/biztrack/vendor/laravel/framework/src/Illuminate/Database/Migrations/Migrator.php(507): Illuminate/Database/Migrations/Migration@anonymous->up()
#10 C:/xampp_new/htdocs/biztrack/vendor/laravel/framework/src/Illuminate/Database/Migrations/Migrator.php(432): Illuminate/Database/Migrations/Migrator->runMethod()
#11 C:/xampp_new/htdocs/biztrack/vendor/laravel/framework/src/Illuminate/Database/Migrations/Migrator.php(441): Illuminate/Database/Migrations/Migrator->{closure:Illuminate/Database/Migrations/Migrator::runMigration():428}()
#12 C:/xampp_new/htdocs/biztrack/vendor/laravel/framework/src/Illuminate/Database/Migrations/Migrator.php(244): Illuminate/Database/Migrations/Migrator->runMigration()
#13 C:/xampp_new/htdocs/biztrack/vendor/laravel/framework/src/Illuminate/Console/View/Components/Task.php(40): Illuminate/Database/Migrations/Migrator->{closure:Illuminate/Database/Migrations/Migrator::runUp():244}()
#14 C:/xampp_new/htdocs/biztrack/vendor/laravel/framework/src/Illuminate/Database/Migrations/Migrator.php(798): Illuminate/Console/View/Components/Task->render()
#15 C:/xampp_new/htdocs/biztrack/vendor/laravel/framework/src/Illuminate/Database/Migrations/Migrator.php(244): Illuminate/Database/Migrations/Migrator->write()
#16 C:/xampp_new/htdocs/biztrack/vendor/laravel/framework/src/Illuminate/Database/Migrations/Migrator.php(211): Illuminate/Database/Migrations/Migrator->runUp()
#17 C:/xampp_new/htdocs/biztrack/vendor/laravel/framework/src/Illuminate/Database/Migrations/Migrator.php(138): Illuminate/Database/Migrations/Migrator->runPending()
#18 C:/xampp_new/htdocs/biztrack/vendor/laravel/framework/src/Illuminate/Database/Console/Migrations/MigrateCommand.php(117): Illuminate/Database/Migrations/Migrator->run()
#19 C:/xampp_new/htdocs/biztrack/vendor/laravel/framework/src/Illuminate/Database/Migrations/Migrator.php(658): Illuminate/Database/Console/Migrations/MigrateCommand->{closure:Illuminate/Database/Console/Migrations/MigrateCommand::runMigrations():110}()
#20 C:/xampp_new/htdocs/biztrack/vendor/laravel/framework/src/Illuminate/Database/Console/Migrations/MigrateCommand.php(110): Illuminate/Database/Migrations/Migrator->usingConnection()
#21 C:/xampp_new/htdocs/biztrack/vendor/laravel/framework/src/Illuminate/Database/Console/Migrations/MigrateCommand.php(89): Illuminate/Database/Console/Migrations/MigrateCommand->runMigrations()
#22 C:/xampp_new/htdocs/biztrack/vendor/laravel/framework/src/Illuminate/Container/BoundMethod.php(36): Illuminate/Database/Console/Migrations/MigrateCommand->handle()
#23 C:/xampp_new/htdocs/biztrack/vendor/laravel/framework/src/Illuminate/Container/Util.php(43): Illuminate/Container/BoundMethod::{closure:Illuminate/Container/BoundMethod::call():35}()
#24 C:/xampp_new/htdocs/biztrack/vendor/laravel/framework/src/Illuminate/Container/BoundMethod.php(95): Illuminate/Container/Util::unwrapIfClosure()
#25 C:/xampp_new/htdocs/biztrack/vendor/laravel/framework/src/Illuminate/Container/BoundMethod.php(35): Illuminate/Container/BoundMethod::callBoundMethod()
#26 C:/xampp_new/htdocs/biztrack/vendor/laravel/framework/src/Illuminate/Container/Container.php(696): Illuminate/Container/BoundMethod::call()
#27 C:/xampp_new/htdocs/biztrack/vendor/laravel/framework/src/Illuminate/Console/Command.php(213): Illuminate/Container/Container->call()
#28 C:/xampp_new/htdocs/biztrack/vendor/symfony/console/Command/Command.php(341): Illuminate/Console/Command->execute()
#29 C:/xampp_new/htdocs/biztrack/vendor/laravel/framework/src/Illuminate/Console/Command.php(182): Symfony/Component/Console/Command/Command->run()
#30 C:/xampp_new/htdocs/biztrack/vendor/laravel/framework/src/Illuminate/Console/Concerns/CallsCommands.php(68): Illuminate/Console/Command->run()
#31 C:/xampp_new/htdocs/biztrack/vendor/laravel/framework/src/Illuminate/Console/Concerns/CallsCommands.php(29): Illuminate/Console/Command->runCommand()
#32 C:/xampp_new/htdocs/biztrack/vendor/laravel/framework/src/Illuminate/Database/Console/Migrations/FreshCommand.php(82): Illuminate/Console/Command->call()
#33 C:/xampp_new/htdocs/biztrack/vendor/laravel/framework/src/Illuminate/Container/BoundMethod.php(36): Illuminate/Database/Console/Migrations/FreshCommand->handle()
#34 C:/xampp_new/htdocs/biztrack/vendor/laravel/framework/src/Illuminate/Container/Util.php(43): Illuminate/Container/BoundMethod::{closure:Illuminate/Container/BoundMethod::call():35}()
#35 C:/xampp_new/htdocs/biztrack/vendor/laravel/framework/src/Illuminate/Container/BoundMethod.php(95): Illuminate/Container/Util::unwrapIfClosure()
#36 C:/xampp_new/htdocs/biztrack/vendor/laravel/framework/src/Illuminate/Container/BoundMethod.php(35): Illuminate/Container/BoundMethod::callBoundMethod()
#37 C:/xampp_new/htdocs/biztrack/vendor/laravel/framework/src/Illuminate/Container/Container.php(696): Illuminate/Container/BoundMethod::call()
#38 C:/xampp_new/htdocs/biztrack/vendor/laravel/framework/src/Illuminate/Console/Command.php(213): Illuminate/Container/Container->call()
#39 C:/xampp_new/htdocs/biztrack/vendor/symfony/console/Command/Command.php(341): Illuminate/Console/Command->execute()
#40 C:/xampp_new/htdocs/biztrack/vendor/laravel/framework/src/Illuminate/Console/Command.php(182): Symfony/Component/Console/Command/Command->run()
#41 C:/xampp_new/htdocs/biztrack/vendor/symfony/console/Application.php(1117): Illuminate/Console/Command->run()
#42 C:/xampp_new/htdocs/biztrack/vendor/symfony/console/Application.php(356): Symfony/Component/Console/Application->doRunCommand()
#43 C:/xampp_new/htdocs/biztrack/vendor/symfony/console/Application.php(195): Symfony/Component/Console/Application->doRun()
#44 C:/xampp_new/htdocs/biztrack/vendor/laravel/framework/src/Illuminate/Foundation/Console/Kernel.php(198): Symfony/Component/Console/Application->run()
#45 C:/xampp_new/htdocs/biztrack/vendor/laravel/framework/src/Illuminate/Foundation/Application.php(1235): Illuminate/Foundation/Console/Kernel->handle()
#46 C:/xampp_new/htdocs/biztrack/artisan(13): Illuminate/Foundation/Application->handleCommand()
#47 {main}
"} 
[2026-05-19 16:54:23] local.ERROR: SQLSTATE[HY000]: General error: 1005 Can't create table `biztrack_umkm`.`journal_entries` (errno: 150 "Foreign key constraint is incorrectly formed") (Connection: mysql, SQL: alter table `journal_entries` add constraint `journal_entries_expense_id_foreign` foreign key (`expense_id`) references `expenses` (`id`) on delete set null) {"exception":"[object] (Illuminate\\Database\\QueryException(code: HY000): SQLSTATE[HY000]: General error: 1005 Can't create table `biztrack_umkm`.`journal_entries` (errno: 150 \"Foreign key constraint is incorrectly formed\") (Connection: mysql, SQL: alter table `journal_entries` add constraint `journal_entries_expense_id_foreign` foreign key (`expense_id`) references `expenses` (`id`) on delete set null) at C:/xampp_new/htdocs/biztrack/vendor/laravel/framework/src/Illuminate/Database/Connection.php:825)
[stacktrace]
#0 C:/xampp_new/htdocs/biztrack/vendor/laravel/framework/src/Illuminate/Database/Connection.php(779): Illuminate/Database/Connection->runQueryCallback()
#1 C:/xampp_new/htdocs/biztrack/vendor/laravel/framework/src/Illuminate/Database/Connection.php(560): Illuminate/Database/Connection->run()
#2 C:/xampp_new/htdocs/biztrack/vendor/laravel/framework/src/Illuminate/Database/Schema/Blueprint.php(118): Illuminate/Database/Connection->statement()
#3 C:/xampp_new/htdocs/biztrack/vendor/laravel/framework/src/Illuminate/Database/Schema/Builder.php(564): Illuminate/Database/Schema/Blueprint->build()
#4 C:/xampp_new/htdocs/biztrack/vendor/laravel/framework/src/Illuminate/Database/Schema/Builder.php(418): Illuminate/Database/Schema/Builder->build()
#5 C:/xampp_new/htdocs/biztrack/vendor/laravel/framework/src/Illuminate/Support/Facades/Facade.php(361): Illuminate/Database/Schema/Builder->create()
#6 C:/xampp_new/htdocs/biztrack/database/migrations/2024_01_01_000005_create_accounting_tables.php(20): Illuminate/Support/Facades/Facade::__callStatic()
#7 C:/xampp_new/htdocs/biztrack/vendor/laravel/framework/src/Illuminate/Database/Migrations/Migrator.php(507): Illuminate/Database/Migrations/Migration@anonymous->up()
#8 C:/xampp_new/htdocs/biztrack/vendor/laravel/framework/src/Illuminate/Database/Migrations/Migrator.php(432): Illuminate/Database/Migrations/Migrator->runMethod()
#9 C:/xampp_new/htdocs/biztrack/vendor/laravel/framework/src/Illuminate/Database/Migrations/Migrator.php(441): Illuminate/Database/Migrations/Migrator->{closure:Illuminate/Database/Migrations/Migrator::runMigration():428}()
#10 C:/xampp_new/htdocs/biztrack/vendor/laravel/framework/src/Illuminate/Database/Migrations/Migrator.php(244): Illuminate/Database/Migrations/Migrator->runMigration()
#11 C:/xampp_new/htdocs/biztrack/vendor/laravel/framework/src/Illuminate/Console/View/Components/Task.php(40): Illuminate/Database/Migrations/Migrator->{closure:Illuminate/Database/Migrations/Migrator::runUp():244}()
#12 C:/xampp_new/htdocs/biztrack/vendor/laravel/framework/src/Illuminate/Database/Migrations/Migrator.php(798): Illuminate/Console/View/Components/Task->render()
#13 C:/xampp_new/htdocs/biztrack/vendor/laravel/framework/src/Illuminate/Database/Migrations/Migrator.php(244): Illuminate/Database/Migrations/Migrator->write()
#14 C:/xampp_new/htdocs/biztrack/vendor/laravel/framework/src/Illuminate/Database/Migrations/Migrator.php(211): Illuminate/Database/Migrations/Migrator->runUp()
#15 C:/xampp_new/htdocs/biztrack/vendor/laravel/framework/src/Illuminate/Database/Migrations/Migrator.php(138): Illuminate/Database/Migrations/Migrator->runPending()
#16 C:/xampp_new/htdocs/biztrack/vendor/laravel/framework/src/Illuminate/Database/Console/Migrations/MigrateCommand.php(117): Illuminate/Database/Migrations/Migrator->run()
#17 C:/xampp_new/htdocs/biztrack/vendor/laravel/framework/src/Illuminate/Database/Migrations/Migrator.php(658): Illuminate/Database/Console/Migrations/MigrateCommand->{closure:Illuminate/Database/Console/Migrations/MigrateCommand::runMigrations():110}()
#18 C:/xampp_new/htdocs/biztrack/vendor/laravel/framework/src/Illuminate/Database/Console/Migrations/MigrateCommand.php(110): Illuminate/Database/Migrations/Migrator->usingConnection()
#19 C:/xampp_new/htdocs/biztrack/vendor/laravel/framework/src/Illuminate/Database/Console/Migrations/MigrateCommand.php(89): Illuminate/Database/Console/Migrations/MigrateCommand->runMigrations()
#20 C:/xampp_new/htdocs/biztrack/vendor/laravel/framework/src/Illuminate/Container/BoundMethod.php(36): Illuminate/Database/Console/Migrations/MigrateCommand->handle()
#21 C:/xampp_new/htdocs/biztrack/vendor/laravel/framework/src/Illuminate/Container/Util.php(43): Illuminate/Container/BoundMethod::{closure:Illuminate/Container/BoundMethod::call():35}()
#22 C:/xampp_new/htdocs/biztrack/vendor/laravel/framework/src/Illuminate/Container/BoundMethod.php(95): Illuminate/Container/Util::unwrapIfClosure()
#23 C:/xampp_new/htdocs/biztrack/vendor/laravel/framework/src/Illuminate/Container/BoundMethod.php(35): Illuminate/Container/BoundMethod::callBoundMethod()
#24 C:/xampp_new/htdocs/biztrack/vendor/laravel/framework/src/Illuminate/Container/Container.php(696): Illuminate/Container/BoundMethod::call()
#25 C:/xampp_new/htdocs/biztrack/vendor/laravel/framework/src/Illuminate/Console/Command.php(213): Illuminate/Container/Container->call()
#26 C:/xampp_new/htdocs/biztrack/vendor/symfony/console/Command/Command.php(341): Illuminate/Console/Command->execute()
#27 C:/xampp_new/htdocs/biztrack/vendor/laravel/framework/src/Illuminate/Console/Command.php(182): Symfony/Component/Console/Command/Command->run()
#28 C:/xampp_new/htdocs/biztrack/vendor/laravel/framework/src/Illuminate/Console/Concerns/CallsCommands.php(68): Illuminate/Console/Command->run()
#29 C:/xampp_new/htdocs/biztrack/vendor/laravel/framework/src/Illuminate/Console/Concerns/CallsCommands.php(29): Illuminate/Console/Command->runCommand()
#30 C:/xampp_new/htdocs/biztrack/vendor/laravel/framework/src/Illuminate/Database/Console/Migrations/FreshCommand.php(82): Illuminate/Console/Command->call()
#31 C:/xampp_new/htdocs/biztrack/vendor/laravel/framework/src/Illuminate/Container/BoundMethod.php(36): Illuminate/Database/Console/Migrations/FreshCommand->handle()
#32 C:/xampp_new/htdocs/biztrack/vendor/laravel/framework/src/Illuminate/Container/Util.php(43): Illuminate/Container/BoundMethod::{closure:Illuminate/Container/BoundMethod::call():35}()
#33 C:/xampp_new/htdocs/biztrack/vendor/laravel/framework/src/Illuminate/Container/BoundMethod.php(95): Illuminate/Container/Util::unwrapIfClosure()
#34 C:/xampp_new/htdocs/biztrack/vendor/laravel/framework/src/Illuminate/Container/BoundMethod.php(35): Illuminate/Container/BoundMethod::callBoundMethod()
#35 C:/xampp_new/htdocs/biztrack/vendor/laravel/framework/src/Illuminate/Container/Container.php(696): Illuminate/Container/BoundMethod::call()
#36 C:/xampp_new/htdocs/biztrack/vendor/laravel/framework/src/Illuminate/Console/Command.php(213): Illuminate/Container/Container->call()
#37 C:/xampp_new/htdocs/biztrack/vendor/symfony/console/Command/Command.php(341): Illuminate/Console/Command->execute()
#38 C:/xampp_new/htdocs/biztrack/vendor/laravel/framework/src/Illuminate/Console/Command.php(182): Symfony/Component/Console/Command/Command->run()
#39 C:/xampp_new/htdocs/biztrack/vendor/symfony/console/Application.php(1117): Illuminate/Console/Command->run()
#40 C:/xampp_new/htdocs/biztrack/vendor/symfony/console/Application.php(356): Symfony/Component/Console/Application->doRunCommand()
#41 C:/xampp_new/htdocs/biztrack/vendor/symfony/console/Application.php(195): Symfony/Component/Console/Application->doRun()
#42 C:/xampp_new/htdocs/biztrack/vendor/laravel/framework/src/Illuminate/Foundation/Console/Kernel.php(198): Symfony/Component/Console/Application->run()
#43 C:/xampp_new/htdocs/biztrack/vendor/laravel/framework/src/Illuminate/Foundation/Application.php(1235): Illuminate/Foundation/Console/Kernel->handle()
#44 C:/xampp_new/htdocs/biztrack/artisan(13): Illuminate/Foundation/Application->handleCommand()
#45 {main}

[previous exception] [object] (PDOException(code: HY000): SQLSTATE[HY000]: General error: 1005 Can't create table `biztrack_umkm`.`journal_entries` (errno: 150 \"Foreign key constraint is incorrectly formed\") at C:/xampp_new/htdocs/biztrack/vendor/laravel/framework/src/Illuminate/Database/Connection.php:571)
[stacktrace]
#0 C:/xampp_new/htdocs/biztrack/vendor/laravel/framework/src/Illuminate/Database/Connection.php(571): PDOStatement->execute()
#1 C:/xampp_new/htdocs/biztrack/vendor/laravel/framework/src/Illuminate/Database/Connection.php(812): Illuminate/Database/Connection->{closure:Illuminate/Database/Connection::statement():560}()
#2 C:/xampp_new/htdocs/biztrack/vendor/laravel/framework/src/Illuminate/Database/Connection.php(779): Illuminate/Database/Connection->runQueryCallback()
#3 C:/xampp_new/htdocs/biztrack/vendor/laravel/framework/src/Illuminate/Database/Connection.php(560): Illuminate/Database/Connection->run()
#4 C:/xampp_new/htdocs/biztrack/vendor/laravel/framework/src/Illuminate/Database/Schema/Blueprint.php(118): Illuminate/Database/Connection->statement()
#5 C:/xampp_new/htdocs/biztrack/vendor/laravel/framework/src/Illuminate/Database/Schema/Builder.php(564): Illuminate/Database/Schema/Blueprint->build()
#6 C:/xampp_new/htdocs/biztrack/vendor/laravel/framework/src/Illuminate/Database/Schema/Builder.php(418): Illuminate/Database/Schema/Builder->build()
#7 C:/xampp_new/htdocs/biztrack/vendor/laravel/framework/src/Illuminate/Support/Facades/Facade.php(361): Illuminate/Database/Schema/Builder->create()
#8 C:/xampp_new/htdocs/biztrack/database/migrations/2024_01_01_000005_create_accounting_tables.php(20): Illuminate/Support/Facades/Facade::__callStatic()
#9 C:/xampp_new/htdocs/biztrack/vendor/laravel/framework/src/Illuminate/Database/Migrations/Migrator.php(507): Illuminate/Database/Migrations/Migration@anonymous->up()
#10 C:/xampp_new/htdocs/biztrack/vendor/laravel/framework/src/Illuminate/Database/Migrations/Migrator.php(432): Illuminate/Database/Migrations/Migrator->runMethod()
#11 C:/xampp_new/htdocs/biztrack/vendor/laravel/framework/src/Illuminate/Database/Migrations/Migrator.php(441): Illuminate/Database/Migrations/Migrator->{closure:Illuminate/Database/Migrations/Migrator::runMigration():428}()
#12 C:/xampp_new/htdocs/biztrack/vendor/laravel/framework/src/Illuminate/Database/Migrations/Migrator.php(244): Illuminate/Database/Migrations/Migrator->runMigration()
#13 C:/xampp_new/htdocs/biztrack/vendor/laravel/framework/src/Illuminate/Console/View/Components/Task.php(40): Illuminate/Database/Migrations/Migrator->{closure:Illuminate/Database/Migrations/Migrator::runUp():244}()
#14 C:/xampp_new/htdocs/biztrack/vendor/laravel/framework/src/Illuminate/Database/Migrations/Migrator.php(798): Illuminate/Console/View/Components/Task->render()
#15 C:/xampp_new/htdocs/biztrack/vendor/laravel/framework/src/Illuminate/Database/Migrations/Migrator.php(244): Illuminate/Database/Migrations/Migrator->write()
#16 C:/xampp_new/htdocs/biztrack/vendor/laravel/framework/src/Illuminate/Database/Migrations/Migrator.php(211): Illuminate/Database/Migrations/Migrator->runUp()
#17 C:/xampp_new/htdocs/biztrack/vendor/laravel/framework/src/Illuminate/Database/Migrations/Migrator.php(138): Illuminate/Database/Migrations/Migrator->runPending()
#18 C:/xampp_new/htdocs/biztrack/vendor/laravel/framework/src/Illuminate/Database/Console/Migrations/MigrateCommand.php(117): Illuminate/Database/Migrations/Migrator->run()
#19 C:/xampp_new/htdocs/biztrack/vendor/laravel/framework/src/Illuminate/Database/Migrations/Migrator.php(658): Illuminate/Database/Console/Migrations/MigrateCommand->{closure:Illuminate/Database/Console/Migrations/MigrateCommand::runMigrations():110}()
#20 C:/xampp_new/htdocs/biztrack/vendor/laravel/framework/src/Illuminate/Database/Console/Migrations/MigrateCommand.php(110): Illuminate/Database/Migrations/Migrator->usingConnection()
#21 C:/xampp_new/htdocs/biztrack/vendor/laravel/framework/src/Illuminate/Database/Console/Migrations/MigrateCommand.php(89): Illuminate/Database/Console/Migrations/MigrateCommand->runMigrations()
#22 C:/xampp_new/htdocs/biztrack/vendor/laravel/framework/src/Illuminate/Container/BoundMethod.php(36): Illuminate/Database/Console/Migrations/MigrateCommand->handle()
#23 C:/xampp_new/htdocs/biztrack/vendor/laravel/framework/src/Illuminate/Container/Util.php(43): Illuminate/Container/BoundMethod::{closure:Illuminate/Container/BoundMethod::call():35}()
#24 C:/xampp_new/htdocs/biztrack/vendor/laravel/framework/src/Illuminate/Container/BoundMethod.php(95): Illuminate/Container/Util::unwrapIfClosure()
#25 C:/xampp_new/htdocs/biztrack/vendor/laravel/framework/src/Illuminate/Container/BoundMethod.php(35): Illuminate/Container/BoundMethod::callBoundMethod()
#26 C:/xampp_new/htdocs/biztrack/vendor/laravel/framework/src/Illuminate/Container/Container.php(696): Illuminate/Container/BoundMethod::call()
#27 C:/xampp_new/htdocs/biztrack/vendor/laravel/framework/src/Illuminate/Console/Command.php(213): Illuminate/Container/Container->call()
#28 C:/xampp_new/htdocs/biztrack/vendor/symfony/console/Command/Command.php(341): Illuminate/Console/Command->execute()
#29 C:/xampp_new/htdocs/biztrack/vendor/laravel/framework/src/Illuminate/Console/Command.php(182): Symfony/Component/Console/Command/Command->run()
#30 C:/xampp_new/htdocs/biztrack/vendor/laravel/framework/src/Illuminate/Console/Concerns/CallsCommands.php(68): Illuminate/Console/Command->run()
#31 C:/xampp_new/htdocs/biztrack/vendor/laravel/framework/src/Illuminate/Console/Concerns/CallsCommands.php(29): Illuminate/Console/Command->runCommand()
#32 C:/xampp_new/htdocs/biztrack/vendor/laravel/framework/src/Illuminate/Database/Console/Migrations/FreshCommand.php(82): Illuminate/Console/Command->call()
#33 C:/xampp_new/htdocs/biztrack/vendor/laravel/framework/src/Illuminate/Container/BoundMethod.php(36): Illuminate/Database/Console/Migrations/FreshCommand->handle()
#34 C:/xampp_new/htdocs/biztrack/vendor/laravel/framework/src/Illuminate/Container/Util.php(43): Illuminate/Container/BoundMethod::{closure:Illuminate/Container/BoundMethod::call():35}()
#35 C:/xampp_new/htdocs/biztrack/vendor/laravel/framework/src/Illuminate/Container/BoundMethod.php(95): Illuminate/Container/Util::unwrapIfClosure()
#36 C:/xampp_new/htdocs/biztrack/vendor/laravel/framework/src/Illuminate/Container/BoundMethod.php(35): Illuminate/Container/BoundMethod::callBoundMethod()
#37 C:/xampp_new/htdocs/biztrack/vendor/laravel/framework/src/Illuminate/Container/Container.php(696): Illuminate/Container/BoundMethod::call()
#38 C:/xampp_new/htdocs/biztrack/vendor/laravel/framework/src/Illuminate/Console/Command.php(213): Illuminate/Container/Container->call()
#39 C:/xampp_new/htdocs/biztrack/vendor/symfony/console/Command/Command.php(341): Illuminate/Console/Command->execute()
#40 C:/xampp_new/htdocs/biztrack/vendor/laravel/framework/src/Illuminate/Console/Command.php(182): Symfony/Component/Console/Command/Command->run()
#41 C:/xampp_new/htdocs/biztrack/vendor/symfony/console/Application.php(1117): Illuminate/Console/Command->run()
#42 C:/xampp_new/htdocs/biztrack/vendor/symfony/console/Application.php(356): Symfony/Component/Console/Application->doRunCommand()
#43 C:/xampp_new/htdocs/biztrack/vendor/symfony/console/Application.php(195): Symfony/Component/Console/Application->doRun()
#44 C:/xampp_new/htdocs/biztrack/vendor/laravel/framework/src/Illuminate/Foundation/Console/Kernel.php(198): Symfony/Component/Console/Application->run()
#45 C:/xampp_new/htdocs/biztrack/vendor/laravel/framework/src/Illuminate/Foundation/Application.php(1235): Illuminate/Foundation/Console/Kernel->handle()
#46 C:/xampp_new/htdocs/biztrack/artisan(13): Illuminate/Foundation/Application->handleCommand()
#47 {main}
"} 
[2026-05-19 16:57:45] local.ERROR: SQLSTATE[42S01]: Base table or view already exists: 1050 Table 'expenses' already exists (Connection: mysql, SQL: create table `expenses` (`id` bigint unsigned not null auto_increment primary key, `name` varchar(255) not null, `amount` decimal(15, 2) not null, `expense_date` date not null, `notes` text null, `created_by` bigint unsigned null, `created_at` timestamp null, `updated_at` timestamp null) default character set utf8mb4 collate 'utf8mb4_unicode_ci') {"exception":"[object] (Illuminate\\Database\\QueryException(code: 42S01): SQLSTATE[42S01]: Base table or view already exists: 1050 Table 'expenses' already exists (Connection: mysql, SQL: create table `expenses` (`id` bigint unsigned not null auto_increment primary key, `name` varchar(255) not null, `amount` decimal(15, 2) not null, `expense_date` date not null, `notes` text null, `created_by` bigint unsigned null, `created_at` timestamp null, `updated_at` timestamp null) default character set utf8mb4 collate 'utf8mb4_unicode_ci') at C:/xampp_new/htdocs/biztrack/vendor/laravel/framework/src/Illuminate/Database/Connection.php:825)
[stacktrace]
#0 C:/xampp_new/htdocs/biztrack/vendor/laravel/framework/src/Illuminate/Database/Connection.php(779): Illuminate/Database/Connection->runQueryCallback()
#1 C:/xampp_new/htdocs/biztrack/vendor/laravel/framework/src/Illuminate/Database/Connection.php(560): Illuminate/Database/Connection->run()
#2 C:/xampp_new/htdocs/biztrack/vendor/laravel/framework/src/Illuminate/Database/Schema/Blueprint.php(118): Illuminate/Database/Connection->statement()
#3 C:/xampp_new/htdocs/biztrack/vendor/laravel/framework/src/Illuminate/Database/Schema/Builder.php(564): Illuminate/Database/Schema/Blueprint->build()
#4 C:/xampp_new/htdocs/biztrack/vendor/laravel/framework/src/Illuminate/Database/Schema/Builder.php(418): Illuminate/Database/Schema/Builder->build()
#5 C:/xampp_new/htdocs/biztrack/vendor/laravel/framework/src/Illuminate/Support/Facades/Facade.php(361): Illuminate/Database/Schema/Builder->create()
#6 C:/xampp_new/htdocs/biztrack/database/migrations/2024_01_01_000006_create_expenses_table.php(11): Illuminate/Support/Facades/Facade::__callStatic()
#7 C:/xampp_new/htdocs/biztrack/vendor/laravel/framework/src/Illuminate/Database/Migrations/Migrator.php(507): Illuminate/Database/Migrations/Migration@anonymous->up()
#8 C:/xampp_new/htdocs/biztrack/vendor/laravel/framework/src/Illuminate/Database/Migrations/Migrator.php(432): Illuminate/Database/Migrations/Migrator->runMethod()
#9 C:/xampp_new/htdocs/biztrack/vendor/laravel/framework/src/Illuminate/Database/Migrations/Migrator.php(441): Illuminate/Database/Migrations/Migrator->{closure:Illuminate/Database/Migrations/Migrator::runMigration():428}()
#10 C:/xampp_new/htdocs/biztrack/vendor/laravel/framework/src/Illuminate/Database/Migrations/Migrator.php(244): Illuminate/Database/Migrations/Migrator->runMigration()
#11 C:/xampp_new/htdocs/biztrack/vendor/laravel/framework/src/Illuminate/Console/View/Components/Task.php(40): Illuminate/Database/Migrations/Migrator->{closure:Illuminate/Database/Migrations/Migrator::runUp():244}()
#12 C:/xampp_new/htdocs/biztrack/vendor/laravel/framework/src/Illuminate/Database/Migrations/Migrator.php(798): Illuminate/Console/View/Components/Task->render()
#13 C:/xampp_new/htdocs/biztrack/vendor/laravel/framework/src/Illuminate/Database/Migrations/Migrator.php(244): Illuminate/Database/Migrations/Migrator->write()
#14 C:/xampp_new/htdocs/biztrack/vendor/laravel/framework/src/Illuminate/Database/Migrations/Migrator.php(211): Illuminate/Database/Migrations/Migrator->runUp()
#15 C:/xampp_new/htdocs/biztrack/vendor/laravel/framework/src/Illuminate/Database/Migrations/Migrator.php(138): Illuminate/Database/Migrations/Migrator->runPending()
#16 C:/xampp_new/htdocs/biztrack/vendor/laravel/framework/src/Illuminate/Database/Console/Migrations/MigrateCommand.php(117): Illuminate/Database/Migrations/Migrator->run()
#17 C:/xampp_new/htdocs/biztrack/vendor/laravel/framework/src/Illuminate/Database/Migrations/Migrator.php(658): Illuminate/Database/Console/Migrations/MigrateCommand->{closure:Illuminate/Database/Console/Migrations/MigrateCommand::runMigrations():110}()
#18 C:/xampp_new/htdocs/biztrack/vendor/laravel/framework/src/Illuminate/Database/Console/Migrations/MigrateCommand.php(110): Illuminate/Database/Migrations/Migrator->usingConnection()
#19 C:/xampp_new/htdocs/biztrack/vendor/laravel/framework/src/Illuminate/Database/Console/Migrations/MigrateCommand.php(89): Illuminate/Database/Console/Migrations/MigrateCommand->runMigrations()
#20 C:/xampp_new/htdocs/biztrack/vendor/laravel/framework/src/Illuminate/Container/BoundMethod.php(36): Illuminate/Database/Console/Migrations/MigrateCommand->handle()
#21 C:/xampp_new/htdocs/biztrack/vendor/laravel/framework/src/Illuminate/Container/Util.php(43): Illuminate/Container/BoundMethod::{closure:Illuminate/Container/BoundMethod::call():35}()
#22 C:/xampp_new/htdocs/biztrack/vendor/laravel/framework/src/Illuminate/Container/BoundMethod.php(95): Illuminate/Container/Util::unwrapIfClosure()
#23 C:/xampp_new/htdocs/biztrack/vendor/laravel/framework/src/Illuminate/Container/BoundMethod.php(35): Illuminate/Container/BoundMethod::callBoundMethod()
#24 C:/xampp_new/htdocs/biztrack/vendor/laravel/framework/src/Illuminate/Container/Container.php(696): Illuminate/Container/BoundMethod::call()
#25 C:/xampp_new/htdocs/biztrack/vendor/laravel/framework/src/Illuminate/Console/Command.php(213): Illuminate/Container/Container->call()
#26 C:/xampp_new/htdocs/biztrack/vendor/symfony/console/Command/Command.php(341): Illuminate/Console/Command->execute()
#27 C:/xampp_new/htdocs/biztrack/vendor/laravel/framework/src/Illuminate/Console/Command.php(182): Symfony/Component/Console/Command/Command->run()
#28 C:/xampp_new/htdocs/biztrack/vendor/laravel/framework/src/Illuminate/Console/Concerns/CallsCommands.php(68): Illuminate/Console/Command->run()
#29 C:/xampp_new/htdocs/biztrack/vendor/laravel/framework/src/Illuminate/Console/Concerns/CallsCommands.php(29): Illuminate/Console/Command->runCommand()
#30 C:/xampp_new/htdocs/biztrack/vendor/laravel/framework/src/Illuminate/Database/Console/Migrations/FreshCommand.php(82): Illuminate/Console/Command->call()
#31 C:/xampp_new/htdocs/biztrack/vendor/laravel/framework/src/Illuminate/Container/BoundMethod.php(36): Illuminate/Database/Console/Migrations/FreshCommand->handle()
#32 C:/xampp_new/htdocs/biztrack/vendor/laravel/framework/src/Illuminate/Container/Util.php(43): Illuminate/Container/BoundMethod::{closure:Illuminate/Container/BoundMethod::call():35}()
#33 C:/xampp_new/htdocs/biztrack/vendor/laravel/framework/src/Illuminate/Container/BoundMethod.php(95): Illuminate/Container/Util::unwrapIfClosure()
#34 C:/xampp_new/htdocs/biztrack/vendor/laravel/framework/src/Illuminate/Container/BoundMethod.php(35): Illuminate/Container/BoundMethod::callBoundMethod()
#35 C:/xampp_new/htdocs/biztrack/vendor/laravel/framework/src/Illuminate/Container/Container.php(696): Illuminate/Container/BoundMethod::call()
#36 C:/xampp_new/htdocs/biztrack/vendor/laravel/framework/src/Illuminate/Console/Command.php(213): Illuminate/Container/Container->call()
#37 C:/xampp_new/htdocs/biztrack/vendor/symfony/console/Command/Command.php(341): Illuminate/Console/Command->execute()
#38 C:/xampp_new/htdocs/biztrack/vendor/laravel/framework/src/Illuminate/Console/Command.php(182): Symfony/Component/Console/Command/Command->run()
#39 C:/xampp_new/htdocs/biztrack/vendor/symfony/console/Application.php(1117): Illuminate/Console/Command->run()
#40 C:/xampp_new/htdocs/biztrack/vendor/symfony/console/Application.php(356): Symfony/Component/Console/Application->doRunCommand()
#41 C:/xampp_new/htdocs/biztrack/vendor/symfony/console/Application.php(195): Symfony/Component/Console/Application->doRun()
#42 C:/xampp_new/htdocs/biztrack/vendor/laravel/framework/src/Illuminate/Foundation/Console/Kernel.php(198): Symfony/Component/Console/Application->run()
#43 C:/xampp_new/htdocs/biztrack/vendor/laravel/framework/src/Illuminate/Foundation/Application.php(1235): Illuminate/Foundation/Console/Kernel->handle()
#44 C:/xampp_new/htdocs/biztrack/artisan(13): Illuminate/Foundation/Application->handleCommand()
#45 {main}

[previous exception] [object] (PDOException(code: 42S01): SQLSTATE[42S01]: Base table or view already exists: 1050 Table 'expenses' already exists at C:/xampp_new/htdocs/biztrack/vendor/laravel/framework/src/Illuminate/Database/Connection.php:571)
[stacktrace]
#0 C:/xampp_new/htdocs/biztrack/vendor/laravel/framework/src/Illuminate/Database/Connection.php(571): PDOStatement->execute()
#1 C:/xampp_new/htdocs/biztrack/vendor/laravel/framework/src/Illuminate/Database/Connection.php(812): Illuminate/Database/Connection->{closure:Illuminate/Database/Connection::statement():560}()
#2 C:/xampp_new/htdocs/biztrack/vendor/laravel/framework/src/Illuminate/Database/Connection.php(779): Illuminate/Database/Connection->runQueryCallback()
#3 C:/xampp_new/htdocs/biztrack/vendor/laravel/framework/src/Illuminate/Database/Connection.php(560): Illuminate/Database/Connection->run()
#4 C:/xampp_new/htdocs/biztrack/vendor/laravel/framework/src/Illuminate/Database/Schema/Blueprint.php(118): Illuminate/Database/Connection->statement()
#5 C:/xampp_new/htdocs/biztrack/vendor/laravel/framework/src/Illuminate/Database/Schema/Builder.php(564): Illuminate/Database/Schema/Blueprint->build()
#6 C:/xampp_new/htdocs/biztrack/vendor/laravel/framework/src/Illuminate/Database/Schema/Builder.php(418): Illuminate/Database/Schema/Builder->build()
#7 C:/xampp_new/htdocs/biztrack/vendor/laravel/framework/src/Illuminate/Support/Facades/Facade.php(361): Illuminate/Database/Schema/Builder->create()
#8 C:/xampp_new/htdocs/biztrack/database/migrations/2024_01_01_000006_create_expenses_table.php(11): Illuminate/Support/Facades/Facade::__callStatic()
#9 C:/xampp_new/htdocs/biztrack/vendor/laravel/framework/src/Illuminate/Database/Migrations/Migrator.php(507): Illuminate/Database/Migrations/Migration@anonymous->up()
#10 C:/xampp_new/htdocs/biztrack/vendor/laravel/framework/src/Illuminate/Database/Migrations/Migrator.php(432): Illuminate/Database/Migrations/Migrator->runMethod()
#11 C:/xampp_new/htdocs/biztrack/vendor/laravel/framework/src/Illuminate/Database/Migrations/Migrator.php(441): Illuminate/Database/Migrations/Migrator->{closure:Illuminate/Database/Migrations/Migrator::runMigration():428}()
#12 C:/xampp_new/htdocs/biztrack/vendor/laravel/framework/src/Illuminate/Database/Migrations/Migrator.php(244): Illuminate/Database/Migrations/Migrator->runMigration()
#13 C:/xampp_new/htdocs/biztrack/vendor/laravel/framework/src/Illuminate/Console/View/Components/Task.php(40): Illuminate/Database/Migrations/Migrator->{closure:Illuminate/Database/Migrations/Migrator::runUp():244}()
#14 C:/xampp_new/htdocs/biztrack/vendor/laravel/framework/src/Illuminate/Database/Migrations/Migrator.php(798): Illuminate/Console/View/Components/Task->render()
#15 C:/xampp_new/htdocs/biztrack/vendor/laravel/framework/src/Illuminate/Database/Migrations/Migrator.php(244): Illuminate/Database/Migrations/Migrator->write()
#16 C:/xampp_new/htdocs/biztrack/vendor/laravel/framework/src/Illuminate/Database/Migrations/Migrator.php(211): Illuminate/Database/Migrations/Migrator->runUp()
#17 C:/xampp_new/htdocs/biztrack/vendor/laravel/framework/src/Illuminate/Database/Migrations/Migrator.php(138): Illuminate/Database/Migrations/Migrator->runPending()
#18 C:/xampp_new/htdocs/biztrack/vendor/laravel/framework/src/Illuminate/Database/Console/Migrations/MigrateCommand.php(117): Illuminate/Database/Migrations/Migrator->run()
#19 C:/xampp_new/htdocs/biztrack/vendor/laravel/framework/src/Illuminate/Database/Migrations/Migrator.php(658): Illuminate/Database/Console/Migrations/MigrateCommand->{closure:Illuminate/Database/Console/Migrations/MigrateCommand::runMigrations():110}()
#20 C:/xampp_new/htdocs/biztrack/vendor/laravel/framework/src/Illuminate/Database/Console/Migrations/MigrateCommand.php(110): Illuminate/Database/Migrations/Migrator->usingConnection()
#21 C:/xampp_new/htdocs/biztrack/vendor/laravel/framework/src/Illuminate/Database/Console/Migrations/MigrateCommand.php(89): Illuminate/Database/Console/Migrations/MigrateCommand->runMigrations()
#22 C:/xampp_new/htdocs/biztrack/vendor/laravel/framework/src/Illuminate/Container/BoundMethod.php(36): Illuminate/Database/Console/Migrations/MigrateCommand->handle()
#23 C:/xampp_new/htdocs/biztrack/vendor/laravel/framework/src/Illuminate/Container/Util.php(43): Illuminate/Container/BoundMethod::{closure:Illuminate/Container/BoundMethod::call():35}()
#24 C:/xampp_new/htdocs/biztrack/vendor/laravel/framework/src/Illuminate/Container/BoundMethod.php(95): Illuminate/Container/Util::unwrapIfClosure()
#25 C:/xampp_new/htdocs/biztrack/vendor/laravel/framework/src/Illuminate/Container/BoundMethod.php(35): Illuminate/Container/BoundMethod::callBoundMethod()
#26 C:/xampp_new/htdocs/biztrack/vendor/laravel/framework/src/Illuminate/Container/Container.php(696): Illuminate/Container/BoundMethod::call()
#27 C:/xampp_new/htdocs/biztrack/vendor/laravel/framework/src/Illuminate/Console/Command.php(213): Illuminate/Container/Container->call()
#28 C:/xampp_new/htdocs/biztrack/vendor/symfony/console/Command/Command.php(341): Illuminate/Console/Command->execute()
#29 C:/xampp_new/htdocs/biztrack/vendor/laravel/framework/src/Illuminate/Console/Command.php(182): Symfony/Component/Console/Command/Command->run()
#30 C:/xampp_new/htdocs/biztrack/vendor/laravel/framework/src/Illuminate/Console/Concerns/CallsCommands.php(68): Illuminate/Console/Command->run()
#31 C:/xampp_new/htdocs/biztrack/vendor/laravel/framework/src/Illuminate/Console/Concerns/CallsCommands.php(29): Illuminate/Console/Command->runCommand()
#32 C:/xampp_new/htdocs/biztrack/vendor/laravel/framework/src/Illuminate/Database/Console/Migrations/FreshCommand.php(82): Illuminate/Console/Command->call()
#33 C:/xampp_new/htdocs/biztrack/vendor/laravel/framework/src/Illuminate/Container/BoundMethod.php(36): Illuminate/Database/Console/Migrations/FreshCommand->handle()
#34 C:/xampp_new/htdocs/biztrack/vendor/laravel/framework/src/Illuminate/Container/Util.php(43): Illuminate/Container/BoundMethod::{closure:Illuminate/Container/BoundMethod::call():35}()
#35 C:/xampp_new/htdocs/biztrack/vendor/laravel/framework/src/Illuminate/Container/BoundMethod.php(95): Illuminate/Container/Util::unwrapIfClosure()
#36 C:/xampp_new/htdocs/biztrack/vendor/laravel/framework/src/Illuminate/Container/BoundMethod.php(35): Illuminate/Container/BoundMethod::callBoundMethod()
#37 C:/xampp_new/htdocs/biztrack/vendor/laravel/framework/src/Illuminate/Container/Container.php(696): Illuminate/Container/BoundMethod::call()
#38 C:/xampp_new/htdocs/biztrack/vendor/laravel/framework/src/Illuminate/Console/Command.php(213): Illuminate/Container/Container->call()
#39 C:/xampp_new/htdocs/biztrack/vendor/symfony/console/Command/Command.php(341): Illuminate/Console/Command->execute()
#40 C:/xampp_new/htdocs/biztrack/vendor/laravel/framework/src/Illuminate/Console/Command.php(182): Symfony/Component/Console/Command/Command->run()
#41 C:/xampp_new/htdocs/biztrack/vendor/symfony/console/Application.php(1117): Illuminate/Console/Command->run()
#42 C:/xampp_new/htdocs/biztrack/vendor/symfony/console/Application.php(356): Symfony/Component/Console/Application->doRunCommand()
#43 C:/xampp_new/htdocs/biztrack/vendor/symfony/console/Application.php(195): Symfony/Component/Console/Application->doRun()
#44 C:/xampp_new/htdocs/biztrack/vendor/laravel/framework/src/Illuminate/Foundation/Console/Kernel.php(198): Symfony/Component/Console/Application->run()
#45 C:/xampp_new/htdocs/biztrack/vendor/laravel/framework/src/Illuminate/Foundation/Application.php(1235): Illuminate/Foundation/Console/Kernel->handle()
#46 C:/xampp_new/htdocs/biztrack/artisan(13): Illuminate/Foundation/Application->handleCommand()
#47 {main}
"} 
[2026-05-19 17:00:00] local.ERROR: Class "App\Http\Controllers\Controller" not found {"exception":"[object] (Error(code: 0): Class \"App\\Http\\Controllers\\Controller\" not found at C:/xampp_new/htdocs/biztrack/app/Http/Controllers/AuthController.php:10)
[stacktrace]
#0 C:/xampp_new/htdocs/biztrack/vendor/composer/ClassLoader.php(576): include()
#1 C:/xampp_new/htdocs/biztrack/vendor/composer/ClassLoader.php(427): {closure:Composer/Autoload/ClassLoader::initializeIncludeClosure():575}()
#2 [internal function]: Composer/Autoload/ClassLoader->loadClass()
#3 C:/xampp_new/htdocs/biztrack/vendor/laravel/framework/src/Illuminate/Routing/Route.php(1117): is_a()
#4 C:/xampp_new/htdocs/biztrack/vendor/laravel/framework/src/Illuminate/Routing/Route.php(1054): Illuminate/Routing/Route->controllerMiddleware()
#5 C:/xampp_new/htdocs/biztrack/vendor/laravel/framework/src/Illuminate/Routing/Router.php(820): Illuminate/Routing/Route->gatherMiddleware()
#6 C:/xampp_new/htdocs/biztrack/vendor/laravel/framework/src/Illuminate/Routing/Router.php(802): Illuminate/Routing/Router->gatherRouteMiddleware()
#7 C:/xampp_new/htdocs/biztrack/vendor/laravel/framework/src/Illuminate/Routing/Router.php(786): Illuminate/Routing/Router->runRouteWithinStack()
#8 C:/xampp_new/htdocs/biztrack/vendor/laravel/framework/src/Illuminate/Routing/Router.php(750): Illuminate/Routing/Router->runRoute()
#9 C:/xampp_new/htdocs/biztrack/vendor/laravel/framework/src/Illuminate/Routing/Router.php(739): Illuminate/Routing/Router->dispatchToRoute()
#10 C:/xampp_new/htdocs/biztrack/vendor/laravel/framework/src/Illuminate/Foundation/Http/Kernel.php(201): Illuminate/Routing/Router->dispatch()
#11 C:/xampp_new/htdocs/biztrack/vendor/laravel/framework/src/Illuminate/Pipeline/Pipeline.php(170): Illuminate/Foundation/Http/Kernel->{closure:Illuminate/Foundation/Http/Kernel::dispatchToRouter():198}()
#12 C:/xampp_new/htdocs/biztrack/vendor/laravel/framework/src/Illuminate/Foundation/Http/Middleware/TransformsRequest.php(21): Illuminate/Pipeline/Pipeline->{closure:Illuminate/Pipeline/Pipeline::prepareDestination():168}()
#13 C:/xampp_new/htdocs/biztrack/vendor/laravel/framework/src/Illuminate/Foundation/Http/Middleware/ConvertEmptyStringsToNull.php(31): Illuminate/Foundation/Http/Middleware/TransformsRequest->handle()
#14 C:/xampp_new/htdocs/biztrack/vendor/laravel/framework/src/Illuminate/Pipeline/Pipeline.php(209): Illuminate/Foundation/Http/Middleware/ConvertEmptyStringsToNull->handle()
#15 C:/xampp_new/htdocs/biztrack/vendor/laravel/framework/src/Illuminate/Foundation/Http/Middleware/TransformsRequest.php(21): Illuminate/Pipeline/Pipeline->{closure:{closure:Illuminate/Pipeline/Pipeline::carry():184}:185}()
#16 C:/xampp_new/htdocs/biztrack/vendor/laravel/framework/src/Illuminate/Foundation/Http/Middleware/TrimStrings.php(51): Illuminate/Foundation/Http/Middleware/TransformsRequest->handle()
#17 C:/xampp_new/htdocs/biztrack/vendor/laravel/framework/src/Illuminate/Pipeline/Pipeline.php(209): Illuminate/Foundation/Http/Middleware/TrimStrings->handle()
#18 C:/xampp_new/htdocs/biztrack/vendor/laravel/framework/src/Illuminate/Http/Middleware/ValidatePostSize.php(27): Illuminate/Pipeline/Pipeline->{closure:{closure:Illuminate/Pipeline/Pipeline::carry():184}:185}()
#19 C:/xampp_new/htdocs/biztrack/vendor/laravel/framework/src/Illuminate/Pipeline/Pipeline.php(209): Illuminate/Http/Middleware/ValidatePostSize->handle()
#20 C:/xampp_new/htdocs/biztrack/vendor/laravel/framework/src/Illuminate/Foundation/Http/Middleware/PreventRequestsDuringMaintenance.php(110): Illuminate/Pipeline/Pipeline->{closure:{closure:Illuminate/Pipeline/Pipeline::carry():184}:185}()
#21 C:/xampp_new/htdocs/biztrack/vendor/laravel/framework/src/Illuminate/Pipeline/Pipeline.php(209): Illuminate/Foundation/Http/Middleware/PreventRequestsDuringMaintenance->handle()
#22 C:/xampp_new/htdocs/biztrack/vendor/laravel/framework/src/Illuminate/Http/Middleware/HandleCors.php(49): Illuminate/Pipeline/Pipeline->{closure:{closure:Illuminate/Pipeline/Pipeline::carry():184}:185}()
#23 C:/xampp_new/htdocs/biztrack/vendor/laravel/framework/src/Illuminate/Pipeline/Pipeline.php(209): Illuminate/Http/Middleware/HandleCors->handle()
#24 C:/xampp_new/htdocs/biztrack/vendor/laravel/framework/src/Illuminate/Http/Middleware/TrustProxies.php(58): Illuminate/Pipeline/Pipeline->{closure:{closure:Illuminate/Pipeline/Pipeline::carry():184}:185}()
#25 C:/xampp_new/htdocs/biztrack/vendor/laravel/framework/src/Illuminate/Pipeline/Pipeline.php(209): Illuminate/Http/Middleware/TrustProxies->handle()
#26 C:/xampp_new/htdocs/biztrack/vendor/laravel/framework/src/Illuminate/Foundation/Http/Middleware/InvokeDeferredCallbacks.php(22): Illuminate/Pipeline/Pipeline->{closure:{closure:Illuminate/Pipeline/Pipeline::carry():184}:185}()
#27 C:/xampp_new/htdocs/biztrack/vendor/laravel/framework/src/Illuminate/Pipeline/Pipeline.php(209): Illuminate/Foundation/Http/Middleware/InvokeDeferredCallbacks->handle()
#28 C:/xampp_new/htdocs/biztrack/vendor/laravel/framework/src/Illuminate/Pipeline/Pipeline.php(127): Illuminate/Pipeline/Pipeline->{closure:{closure:Illuminate/Pipeline/Pipeline::carry():184}:185}()
#29 C:/xampp_new/htdocs/biztrack/vendor/laravel/framework/src/Illuminate/Foundation/Http/Kernel.php(176): Illuminate/Pipeline/Pipeline->then()
#30 C:/xampp_new/htdocs/biztrack/vendor/laravel/framework/src/Illuminate/Foundation/Http/Kernel.php(145): Illuminate/Foundation/Http/Kernel->sendRequestThroughRouter()
#31 C:/xampp_new/htdocs/biztrack/vendor/laravel/framework/src/Illuminate/Foundation/Application.php(1220): Illuminate/Foundation/Http/Kernel->handle()
#32 C:/xampp_new/htdocs/biztrack/public/index.php(17): Illuminate/Foundation/Application->handleRequest()
#33 C:/xampp_new/htdocs/biztrack/vendor/laravel/framework/src/Illuminate/Foundation/resources/server.php(23): require_once('...')
#34 {main}
"} 
